<html>
<body>
<pre>
<h1>µVision Build Log</h1>
<h2>Tool Versions:</h2>
IDE-Version: ¦ÌVision V5.23.0.0
Copyright (C) 2017 ARM Ltd and ARM Germany GmbH. All rights reserved.
License Information: CV ZHAO, HKUST, LIC=MPPLD-84DFD-QDXKD-8XPHQ-4RU7S-1GXYP
 
Tool Versions:
Toolchain:       MDK-ARM Plus  Version: 5.23
Toolchain Path:  D:\KeilVer5\ARM\ARMCC\Bin
C Compiler:      Armcc.exe V5.06 update 4 (build 422)
Assembler:       Armasm.exe V5.06 update 4 (build 422)
Linker/Locator:  ArmLink.exe V5.06 update 4 (build 422)
Library Manager: ArmAr.exe V5.06 update 4 (build 422)
Hex Converter:   FromElf.exe V5.06 update 4 (build 422)
CPU DLL:         SARMCM3.DLL V5.23
Dialog DLL:      DCM.DLL V1.15.0.0
Target DLL:      CMSIS_AGDI.dll V1.27.5.0
Dialog DLL:      TCM.DLL V1.27.0.0
 
<h2>Project:</h2>
D:\ELEC3300LABS\proj nov29 1146 final\111\MDK-ARM\111.uvprojx
Project File Date:  11/28/2021

<h2>Output:</h2>
*** Using Compiler 'V5.06 update 4 (build 422)', folder: 'D:\KeilVer5\ARM\ARMCC\Bin'
Rebuild target '111'
assembling startup_stm32f103xe.s...
compiling lcd.c...
compiling stm32f1xx_it.c...
compiling bsp_driver_sd.c...
compiling fatfs.c...
compiling SD_op.c...
compiling NUMPAD_ROW.c...
compiling main.c...
../Src/main.c(215): warning:  #188-D: enumerated type mixed with another type
  					HAL_GPIO_WritePin(
PIOA, 
PIO_PIN_8, 1);
../Src/main.c(217): warning:  #188-D: enumerated type mixed with another type
  					HAL_GPIO_WritePin(
PIOA, 
PIO_PIN_8, 0);
../Src/main.c(241): warning:  #188-D: enumerated type mixed with another type
  					HAL_GPIO_WritePin(
PIOA, 
PIO_PIN_8, 1);
../Src/main.c(243): warning:  #188-D: enumerated type mixed with another type
  					HAL_GPIO_WritePin(
PIOA, 
PIO_PIN_8, 0);
../Src/main.c(540): warning:  #188-D: enumerated type mixed with another type
  	HAL_GPIO_WritePin(
PIOA, 
PIO_PIN_8, 1);
../Src/main.c(542): warning:  #188-D: enumerated type mixed with another type
  	HAL_GPIO_WritePin(
PIOA, 
PIO_PIN_8, 0);
../Src/main.c(544): warning:  #188-D: enumerated type mixed with another type
  	HAL_GPIO_WritePin(
PIOA, 
PIO_PIN_8, 1);
../Src/main.c(546): warning:  #188-D: enumerated type mixed with another type
  	HAL_GPIO_WritePin(
PIOA, 
PIO_PIN_8, 0);
../Src/main.c(548): warning:  #188-D: enumerated type mixed with another type
  	HAL_GPIO_WritePin(
PIOA,
PIO_PIN_4,1);
../Src/main.c(551): warning:  #188-D: enumerated type mixed with another type
  	HAL_GPIO_WritePin(
PIOA,
PIO_PIN_4,0);
../Src/main.c(562): warning:  #223-D: function "atoi" declared implicitly
  	sdHrs = atoi(temp);
../Src/main.c: 11 warnings, 0 errors
compiling stm32f1xx_hal_sd.c...
compiling stm32f1xx_ll_sdmmc.c...
compiling stm32f1xx_hal_msp.c...
compiling stm32f1xx_hal_gpio_ex.c...
compiling stm32f1xx_hal_sram.c...
compiling stm32f1xx_hal_crc.c...
compiling stm32f1xx_ll_fsmc.c...
compiling stm32f1xx_hal.c...
compiling stm32f1xx_hal_tim_ex.c...
compiling stm32f1xx_hal_tim.c...
compiling stm32f1xx_hal_gpio.c...
compiling stm32f1xx_hal_rcc_ex.c...
compiling stm32f1xx_hal_uart.c...
compiling stm32f1xx_hal_rcc.c...
compiling stm32f1xx_hal_flash_ex.c...
compiling stm32f1xx_hal_flash.c...
compiling diskio.c...
compiling stm32f1xx_hal_pwr.c...
compiling system_stm32f1xx.c...
compiling stm32f1xx_hal_cortex.c...
compiling stm32f1xx_hal_dma.c...
compiling ff_gen_drv.c...
compiling syscall.c...
compiling sd_diskio.c...
compiling cc936.c...
compiling ff.c...
linking...
Program Size: Code=21268 RO-data=177412 RW-data=104 ZI-data=5216  
FromELF: creating hex file...
"111\111.axf" - 0 Error(s), 11 Warning(s).

<h2>Software Packages used:</h2>

Package Vendor: ARM
                http://www.keil.com/pack/ARM.CMSIS.5.8.0.pack
                ARM::CMSIS:CORE:5.5.0
                CMSIS (Common Microcontroller Software Interface Standard)
   * Component: CORE Version: 5.5.0

<h2>Collection of Component include folders:</h2>
  .\RTE\_111
  D:\KeilVer5\ARM\PACK\ARM\CMSIS\5.8.0\CMSIS\Core\Include
  D:\KeilVer5\ARM\PACK\Keil\STM32F1xx_DFP\2.3.0\Device\Include

<h2>Collection of Component Files used:</h2>

   * Component: ARM::CMSIS:CORE:5.5.0
Build Time Elapsed:  00:00:18
</pre>
</body>
</html>
