Component: ARM Compiler 5.06 update 4 (build 422) Tool: armlink [4d35d2]

==============================================================================

Section Cross References

    startup_stm32f103xe.o(RESET) refers to startup_stm32f103xe.o(STACK) for __initial_sp
    startup_stm32f103xe.o(RESET) refers to startup_stm32f103xe.o(.text) for Reset_Handler
    startup_stm32f103xe.o(RESET) refers to stm32f1xx_it.o(i.NMI_Handler) for NMI_Handler
    startup_stm32f103xe.o(RESET) refers to stm32f1xx_it.o(i.HardFault_Handler) for HardFault_Handler
    startup_stm32f103xe.o(RESET) refers to stm32f1xx_it.o(i.MemManage_Handler) for MemManage_Handler
    startup_stm32f103xe.o(RESET) refers to stm32f1xx_it.o(i.BusFault_Handler) for BusFault_Handler
    startup_stm32f103xe.o(RESET) refers to stm32f1xx_it.o(i.UsageFault_Handler) for UsageFault_Handler
    startup_stm32f103xe.o(RESET) refers to stm32f1xx_it.o(i.SVC_Handler) for SVC_Handler
    startup_stm32f103xe.o(RESET) refers to stm32f1xx_it.o(i.DebugMon_Handler) for DebugMon_Handler
    startup_stm32f103xe.o(RESET) refers to stm32f1xx_it.o(i.PendSV_Handler) for PendSV_Handler
    startup_stm32f103xe.o(RESET) refers to stm32f1xx_it.o(i.SysTick_Handler) for SysTick_Handler
    startup_stm32f103xe.o(RESET) refers to stm32f1xx_it.o(i.USART1_IRQHandler) for USART1_IRQHandler
    startup_stm32f103xe.o(.text) refers to system_stm32f1xx.o(i.SystemInit) for SystemInit
    startup_stm32f103xe.o(.text) refers to entry.o(.ARM.Collect$$$$00000000) for __main
    lcd.o(i.LCD_BackLed_Control) refers to stm32f1xx_hal_gpio.o(i.HAL_GPIO_WritePin) for HAL_GPIO_WritePin
    lcd.o(i.LCD_Clear) refers to lcd.o(i.LCD_OpenWindow) for LCD_OpenWindow
    lcd.o(i.LCD_Clear) refers to lcd.o(i.LCD_FillColor) for LCD_FillColor
    lcd.o(i.LCD_DrawChar) refers to lcd.o(i.LCD_OpenWindow) for LCD_OpenWindow
    lcd.o(i.LCD_DrawChar) refers to lcd.o(.constdata) for .constdata
    lcd.o(i.LCD_DrawEllipse) refers to lcd.o(i.LCD_DrawDot) for LCD_DrawDot
    lcd.o(i.LCD_DrawEllipse) refers to dfltui.o(.text) for __aeabi_ui2d
    lcd.o(i.LCD_DrawEllipse) refers to dflti.o(.text) for __aeabi_i2d
    lcd.o(i.LCD_DrawEllipse) refers to dmul.o(.text) for __aeabi_dmul
    lcd.o(i.LCD_DrawEllipse) refers to ddiv.o(.text) for __aeabi_ddiv
    lcd.o(i.LCD_DrawEllipse) refers to dadd.o(.text) for __aeabi_drsub
    lcd.o(i.LCD_DrawEllipse) refers to sqrt.o(i.sqrt) for sqrt
    lcd.o(i.LCD_DrawEllipse) refers to dfixui.o(.text) for __aeabi_d2uiz
    lcd.o(i.LCD_DrawEllipse) refers to cdrcmple.o(.text) for __aeabi_cdrcmple
    lcd.o(i.LCD_DrawLine) refers to lcd.o(i.LCD_DrawDot) for LCD_DrawDot
    lcd.o(i.LCD_DrawString) refers to lcd.o(i.LCD_DrawChar) for LCD_DrawChar
    lcd.o(i.LCD_GetPointPixel) refers to lcd.o(i.LCD_OpenWindow) for LCD_OpenWindow
    lcd.o(i.LCD_GetPointPixel) refers to lcd.o(i.LCD_Read_PixelData) for LCD_Read_PixelData
    lcd.o(i.LCD_INIT) refers to lcd.o(i.LCD_BackLed_Control) for LCD_BackLed_Control
    lcd.o(i.LCD_INIT) refers to lcd.o(i.LCD_Rst) for LCD_Rst
    lcd.o(i.LCD_INIT) refers to lcd.o(i.LCD_REG_Config) for LCD_REG_Config
    lcd.o(i.LCD_INIT) refers to lcd.o(i.LCD_Clear) for LCD_Clear
    lcd.o(i.LCD_REG_Config) refers to lcd.o(i.Delay) for Delay
    lcd.o(i.LCD_Rst) refers to stm32f1xx_hal_gpio.o(i.HAL_GPIO_WritePin) for HAL_GPIO_WritePin
    lcd.o(i.LCD_Rst) refers to lcd.o(i.Delay) for Delay
    numpad_row.o(i.get_key) refers to stm32f1xx_hal_gpio.o(i.HAL_GPIO_WritePin) for HAL_GPIO_WritePin
    numpad_row.o(i.get_key) refers to numpad_row.o(i.scan_col) for scan_col
    numpad_row.o(i.scan_col) refers to stm32f1xx_hal_gpio.o(i.HAL_GPIO_ReadPin) for HAL_GPIO_ReadPin
    numpad_row.o(i.scan_col) refers to stm32f1xx_hal.o(i.HAL_Delay) for HAL_Delay
    numpad_row.o(i.scan_col) refers to numpad_row.o(.data) for .data
    sd_op.o(i.data_match) refers to strlen.o(.text) for strlen
    sd_op.o(i.data_match) refers to memcmp.o(.text) for memcmp
    sd_op.o(i.sdfile_parse) refers to strstr.o(.text) for strstr
    sd_op.o(i.sdfile_parse) refers to strlen.o(.text) for strlen
    sd_op.o(i.sdfile_parse) refers to strncpy.o(.text) for strncpy
    sd_op.o(i.sdfile_read) refers to ff.o(i.f_mount) for f_mount
    sd_op.o(i.sdfile_read) refers to ff.o(i.f_open) for f_open
    sd_op.o(i.sdfile_read) refers to ff.o(i.f_gets) for f_gets
    sd_op.o(i.sdfile_read) refers to strtok.o(.text) for strtok
    sd_op.o(i.sdfile_read) refers to fatfs.o(.data) for SDPath
    sd_op.o(i.sdfile_read) refers to fatfs.o(.bss) for SDFatFS
    sd_op.o(i.sdfile_read) refers to sd_op.o(.data) for .data
    sd_op.o(i.sdfile_read) refers to fatfs.o(.bss) for SDFile
    sd_op.o(.data) refers to sd_op.o(.conststring) for .conststring
    main.o(i.MX_FSMC_Init) refers to memseta.o(.text) for __aeabi_memclr4
    main.o(i.MX_FSMC_Init) refers to stm32f1xx_hal_sram.o(i.HAL_SRAM_Init) for HAL_SRAM_Init
[...]
    .text                                    0x080002fc   Section        0  llshl.o(.text)
    .text                                    0x0800031a   Section        0  strtol.o(.text)
    .text                                    0x0800038c   Section       36  init.o(.text)
    .text                                    0x080003b0   Section        0  ctype_o.o(.text)
    .text                                    0x080003b8   Section        0  _strtoul.o(.text)
    .text                                    0x08000456   Section        0  _chval.o(.text)
    i.BSP_SD_GetCardInfo                     0x08000474   Section        0  bsp_driver_sd.o(i.BSP_SD_GetCardInfo)
    i.BSP_SD_GetCardState                    0x08000480   Section        0  bsp_driver_sd.o(i.BSP_SD_GetCardState)
    i.BSP_SD_Init                            0x08000498   Section        0  bsp_driver_sd.o(i.BSP_SD_Init)
    i.BSP_SD_ReadBlocks                      0x080004cc   Section        0  bsp_driver_sd.o(i.BSP_SD_ReadBlocks)
    i.BSP_SD_WriteBlocks                     0x080004ec   Section        0  bsp_driver_sd.o(i.BSP_SD_WriteBlocks)
    i.BusFault_Handler                       0x0800050c   Section        0  stm32f1xx_it.o(i.BusFault_Handler)
    i.DebugMon_Handler                       0x0800050e   Section        0  stm32f1xx_it.o(i.DebugMon_Handler)
    i.Delay                                  0x08000510   Section        0  lcd.o(i.Delay)
    i.FATFS_LinkDriver                       0x08000520   Section        0  ff_gen_drv.o(i.FATFS_LinkDriver)
    i.FATFS_LinkDriverEx                     0x08000528   Section        0  ff_gen_drv.o(i.FATFS_LinkDriverEx)
    i.FSMC_NORSRAM_Extended_Timing_Init      0x08000568   Section        0  stm32f1xx_ll_fsmc.o(i.FSMC_NORSRAM_Extended_Timing_Init)
    i.FSMC_NORSRAM_Init                      0x080005a4   Section        0  stm32f1xx_ll_fsmc.o(i.FSMC_NORSRAM_Init)
    i.FSMC_NORSRAM_Timing_Init               0x0800063c   Section        0  stm32f1xx_ll_fsmc.o(i.FSMC_NORSRAM_Timing_Init)
    i.HAL_CRC_Init                           0x08000680   Section        0  stm32f1xx_hal_crc.o(i.HAL_CRC_Init)
    i.HAL_CRC_MspInit                        0x080006a4   Section        0  stm32f1xx_hal_msp.o(i.HAL_CRC_MspInit)
    i.HAL_DMA_Abort_IT                       0x080006cc   Section        0  stm32f1xx_hal_dma.o(i.HAL_DMA_Abort_IT)
    i.HAL_Delay                              0x080007fc   Section        0  stm32f1xx_hal.o(i.HAL_Delay)
    i.HAL_FSMC_MspInit                       0x08000820   Section        0  stm32f1xx_hal_msp.o(i.HAL_FSMC_MspInit)
    HAL_FSMC_MspInit                         0x08000821   Thumb Code    88  stm32f1xx_hal_msp.o(i.HAL_FSMC_MspInit)
    i.HAL_GPIO_Init                          0x08000888   Section        0  stm32f1xx_hal_gpio.o(i.HAL_GPIO_Init)
    i.HAL_GPIO_ReadPin                       0x08000a70   Section        0  stm32f1xx_hal_gpio.o(i.HAL_GPIO_ReadPin)
    i.HAL_GPIO_WritePin                      0x08000a7a   Section        0  stm32f1xx_hal_gpio.o(i.HAL_GPIO_WritePin)
    i.HAL_GetTick                            0x08000a84   Section        0  stm32f1xx_hal.o(i.HAL_GetTick)
    i.HAL_IncTick                            0x08000a90   Section        0  stm32f1xx_hal.o(i.HAL_IncTick)
    i.HAL_Init                               0x08000aa0   Section        0  stm32f1xx_hal.o(i.HAL_Init)
    i.HAL_InitTick                           0x08000ac4   Section        0  stm32f1xx_hal.o(i.HAL_InitTick)
    i.HAL_MspInit                            0x08000b04   Section        0  stm32f1xx_hal_msp.o(i.HAL_MspInit)
    i.HAL_NVIC_EnableIRQ                     0x08000b40   Section        0  stm32f1xx_hal_cortex.o(i.HAL_NVIC_EnableIRQ)
    i.HAL_NVIC_SetPriority                   0x08000b58   Section        0  stm32f1xx_hal_cortex.o(i.HAL_NVIC_SetPriority)
    i.HAL_NVIC_SetPriorityGrouping           0x08000b98   Section        0  stm32f1xx_hal_cortex.o(i.HAL_NVIC_SetPriorityGrouping)
    i.HAL_RCC_ClockConfig                    0x08000bbc   Section        0  stm32f1xx_hal_rcc.o(i.HAL_RCC_ClockConfig)
    i.HAL_RCC_GetPCLK1Freq                   0x08000d28   Section        0  stm32f1xx_hal_rcc.o(i.HAL_RCC_GetPCLK1Freq)
    i.HAL_RCC_GetPCLK2Freq                   0x08000d48   Section        0  stm32f1xx_hal_rcc.o(i.HAL_RCC_GetPCLK2Freq)
    i.HAL_RCC_GetSysClockFreq                0x08000d68   Section        0  stm32f1xx_hal_rcc.o(i.HAL_RCC_GetSysClockFreq)
    i.HAL_RCC_OscConfig                      0x08000dd4   Section        0  stm32f1xx_hal_rcc.o(i.HAL_RCC_OscConfig)
    i.HAL_SD_ConfigWideBusOperation          0x080010d8   Section        0  stm32f1xx_hal_sd.o(i.HAL_SD_ConfigWideBusOperation)
    i.HAL_SD_GetCardCSD                      0x08001150   Section        0  stm32f1xx_hal_sd.o(i.HAL_SD_GetCardCSD)
    i.HAL_SD_GetCardInfo                     0x0800132a   Section        0  stm32f1xx_hal_sd.o(i.HAL_SD_GetCardInfo)
    i.HAL_SD_GetCardState                    0x0800134e   Section        0  stm32f1xx_hal_sd.o(i.HAL_SD_GetCardState)
    i.HAL_SD_Init                            0x0800137a   Section        0  stm32f1xx_hal_sd.o(i.HAL_SD_Init)
    i.HAL_SD_InitCard                        0x080013b0   Section        0  stm32f1xx_hal_sd.o(i.HAL_SD_InitCard)
    i.HAL_SD_MspInit                         0x08001404   Section        0  stm32f1xx_hal_msp.o(i.HAL_SD_MspInit)
    i.HAL_SD_ReadBlocks                      0x08001488   Section        0  stm32f1xx_hal_sd.o(i.HAL_SD_ReadBlocks)
    i.HAL_SD_WriteBlocks                     0x0800163c   Section        0  stm32f1xx_hal_sd.o(i.HAL_SD_WriteBlocks)
    i.HAL_SRAM_Init                          0x080017d6   Section        0  stm32f1xx_hal_sram.o(i.HAL_SRAM_Init)
    i.HAL_SRAM_MspInit                       0x0800182c   Section        0  stm32f1xx_hal_msp.o(i.HAL_SRAM_MspInit)
    i.HAL_SYSTICK_Config                     0x08001830   Section        0  stm32f1xx_hal_cortex.o(i.HAL_SYSTICK_Config)
    i.HAL_UART_ErrorCallback                 0x08001858   Section        0  stm32f1xx_hal_uart.o(i.HAL_UART_ErrorCallback)
    i.HAL_UART_IRQHandler                    0x0800185c   Section        0  stm32f1xx_hal_uart.o(i.HAL_UART_IRQHandler)
    i.HAL_UART_Init                          0x0800196c   Section        0  stm32f1xx_hal_uart.o(i.HAL_UART_Init)
    i.HAL_UART_MspInit                       0x080019d0   Section        0  stm32f1xx_hal_msp.o(i.HAL_UART_MspInit)
    i.HAL_UART_Receive                       0x08001a50   Section        0  stm32f1xx_hal_uart.o(i.HAL_UART_Receive)
    i.HAL_UART_RxCpltCallback                0x08001b08   Section        0  stm32f1xx_hal_uart.o(i.HAL_UART_RxCpltCallback)
    i.HAL_UART_Transmit                      0x08001b0a   Section        0  stm32f1xx_hal_uart.o(i.HAL_UART_Transmit)
    i.HAL_UART_TxCpltCallback                0x08001bc4   Section        0  stm32f1xx_hal_uart.o(i.HAL_UART_TxCpltCallback)
    i.HardFault_Handler                      0x08001bc6   Section        0  stm32f1xx_it.o(i.HardFault_Handler)
    i.LCD_BackLed_Control                    0x08001bc8   Section        0  lcd.o(i.LCD_BackLed_Control)
    i.LCD_Clear                              0x08001be0   Section        0  lcd.o(i.LCD_Clear)
    i.LCD_DrawChar                           0x08001bfc   Section        0  lcd.o(i.LCD_DrawChar)
    i.LCD_DrawDot                            0x08001c4c   Section        0  lcd.o(i.LCD_DrawDot)
    i.LCD_DrawLine                           0x08001c8c   Section        0  lcd.o(i.LCD_DrawLine)
    i.LCD_DrawString                         0x08001d2c   Section        0  lcd.o(i.LCD_DrawString)
    i.LCD_FillColor                          0x08001d6c   Section        0  lcd.o(i.LCD_FillColor)
    i.LCD_INIT                               0x08001d88   Section        0  lcd.o(i.LCD_INIT)
    i.LCD_OpenWindow                         0x08001db0   Section        0  lcd.o(i.LCD_OpenWindow)
    i.LCD_REG_Config                         0x08001df0   Section        0  lcd.o(i.LCD_REG_Config)
    i.LCD_Rst                                0x08001f68   Section        0  lcd.o(i.LCD_Rst)
    i.MX_FATFS_Init                          0x08001f9c   Section        0  fatfs.o(i.MX_FATFS_Init)
    i.MX_FSMC_Init                           0x08001fb8   Section        0  main.o(i.MX_FSMC_Init)
    MX_FSMC_Init                             0x08001fb9   Thumb Code   100  main.o(i.MX_FSMC_Init)
    i.MX_GPIO_Init                           0x08002028   Section        0  main.o(i.MX_GPIO_Init)
    MX_GPIO_Init                             0x08002029   Thumb Code   268  main.o(i.MX_GPIO_Init)
    i.MemManage_Handler                      0x0800214c   Section        0  stm32f1xx_it.o(i.MemManage_Handler)
    i.NMI_Handler                            0x0800214e   Section        0  stm32f1xx_it.o(i.NMI_Handler)
    i.NVIC_SetPriority                       0x08002150   Section        0  stm32f1xx_hal_cortex.o(i.NVIC_SetPriority)
    NVIC_SetPriority                         0x08002151   Thumb Code    32  stm32f1xx_hal_cortex.o(i.NVIC_SetPriority)
    i.PendSV_Handler                         0x08002170   Section        0  stm32f1xx_it.o(i.PendSV_Handler)
    i.SDIO_ConfigData                        0x08002172   Section        0  stm32f1xx_ll_sdmmc.o(i.SDIO_ConfigData)
    i.SDIO_GetPowerState                     0x08002196   Section        0  stm32f1xx_ll_sdmmc.o(i.SDIO_GetPowerState)
    i.SDIO_GetResponse                       0x0800219e   Section        0  stm32f1xx_ll_sdmmc.o(i.SDIO_GetResponse)
    i.SDIO_Init                              0x080021aa   Section        0  stm32f1xx_ll_sdmmc.o(i.SDIO_Init)
    i.SDIO_PowerState_ON                     0x080021ce   Section        0  stm32f1xx_ll_sdmmc.o(i.SDIO_PowerState_ON)
    i.SDIO_ReadFIFO                          0x080021d6   Section        0  stm32f1xx_ll_sdmmc.o(i.SDIO_ReadFIFO)
    i.SDIO_SendCommand                       0x080021dc   Section        0  stm32f1xx_ll_sdmmc.o(i.SDIO_SendCommand)
    i.SDIO_WriteFIFO                         0x080021fc   Section        0  stm32f1xx_ll_sdmmc.o(i.SDIO_WriteFIFO)
    i.SDMMC_CmdAppCommand                    0x08002206   Section        0  stm32f1xx_ll_sdmmc.o(i.SDMMC_CmdAppCommand)
    i.SDMMC_CmdAppOperCommand                0x08002238   Section        0  stm32f1xx_ll_sdmmc.o(i.SDMMC_CmdAppOperCommand)
    i.SDMMC_CmdBlockLength                   0x0800226c   Section        0  stm32f1xx_ll_sdmmc.o(i.SDMMC_CmdBlockLength)
    i.SDMMC_CmdBusWidth                      0x0800229e   Section        0  stm32f1xx_ll_sdmmc.o(i.SDMMC_CmdBusWidth)
    i.SDMMC_CmdGoIdleState                   0x080022d0   Section        0  stm32f1xx_ll_sdmmc.o(i.SDMMC_CmdGoIdleState)
    i.SDMMC_CmdOperCond                      0x08002320   Section        0  stm32f1xx_ll_sdmmc.o(i.SDMMC_CmdOperCond)
    i.SDMMC_CmdReadMultiBlock                0x08002388   Section        0  stm32f1xx_ll_sdmmc.o(i.SDMMC_CmdReadMultiBlock)
    i.SDMMC_CmdReadSingleBlock               0x080023ba   Section        0  stm32f1xx_ll_sdmmc.o(i.SDMMC_CmdReadSingleBlock)
    i.SDMMC_CmdSelDesel                      0x080023ec   Section        0  stm32f1xx_ll_sdmmc.o(i.SDMMC_CmdSelDesel)
    i.SDMMC_CmdSendCID                       0x0800241e   Section        0  stm32f1xx_ll_sdmmc.o(i.SDMMC_CmdSendCID)
    i.SDMMC_CmdSendCSD                       0x0800244a   Section        0  stm32f1xx_ll_sdmmc.o(i.SDMMC_CmdSendCSD)
    i.SDMMC_CmdSendSCR                       0x08002476   Section        0  stm32f1xx_ll_sdmmc.o(i.SDMMC_CmdSendSCR)
    i.SDMMC_CmdSendStatus                    0x080024a6   Section        0  stm32f1xx_ll_sdmmc.o(i.SDMMC_CmdSendStatus)
    i.SDMMC_CmdSetRelAdd                     0x080024d8   Section        0  stm32f1xx_ll_sdmmc.o(i.SDMMC_CmdSetRelAdd)
    i.SDMMC_CmdStopTransfer                  0x08002508   Section        0  stm32f1xx_ll_sdmmc.o(i.SDMMC_CmdStopTransfer)
    i.SDMMC_CmdWriteMultiBlock               0x0800253c   Section        0  stm32f1xx_ll_sdmmc.o(i.SDMMC_CmdWriteMultiBlock)
    i.SDMMC_CmdWriteSingleBlock              0x0800256e   Section        0  stm32f1xx_ll_sdmmc.o(i.SDMMC_CmdWriteSingleBlock)
    i.SDMMC_GetCmdResp1                      0x080025a0   Section        0  stm32f1xx_ll_sdmmc.o(i.SDMMC_GetCmdResp1)
    SDMMC_GetCmdResp1                        0x080025a1   Thumb Code   276  stm32f1xx_ll_sdmmc.o(i.SDMMC_GetCmdResp1)
    i.SDMMC_GetCmdResp2                      0x080026bc   Section        0  stm32f1xx_ll_sdmmc.o(i.SDMMC_GetCmdResp2)
    SDMMC_GetCmdResp2                        0x080026bd   Thumb Code    74  stm32f1xx_ll_sdmmc.o(i.SDMMC_GetCmdResp2)
    i.SDMMC_GetCmdResp3                      0x0800270c   Section        0  stm32f1xx_ll_sdmmc.o(i.SDMMC_GetCmdResp3)
    SDMMC_GetCmdResp3                        0x0800270d   Thumb Code    60  stm32f1xx_ll_sdmmc.o(i.SDMMC_GetCmdResp3)
    i.SDMMC_GetCmdResp6                      0x0800274c   Section        0  stm32f1xx_ll_sdmmc.o(i.SDMMC_GetCmdResp6)
    SDMMC_GetCmdResp6                        0x0800274d   Thumb Code   128  stm32f1xx_ll_sdmmc.o(i.SDMMC_GetCmdResp6)
    i.SD_FindSCR                             0x080027d0   Section        0  stm32f1xx_hal_sd.o(i.SD_FindSCR)
    SD_FindSCR                               0x080027d1   Thumb Code   212  stm32f1xx_hal_sd.o(i.SD_FindSCR)
    i.SD_InitCard                            0x080028a4   Section        0  stm32f1xx_hal_sd.o(i.SD_InitCard)
    SD_InitCard                              0x080028a5   Thumb Code   230  stm32f1xx_hal_sd.o(i.SD_InitCard)
    i.SD_PowerON                             0x0800298a   Section        0  stm32f1xx_hal_sd.o(i.SD_PowerON)
    SD_PowerON                               0x0800298b   Thumb Code   162  stm32f1xx_hal_sd.o(i.SD_PowerON)
    i.SD_WideBus_Disable                     0x08002a2c   Section        0  stm32f1xx_hal_sd.o(i.SD_WideBus_Disable)
    SD_WideBus_Disable                       0x08002a2d   Thumb Code    78  stm32f1xx_hal_sd.o(i.SD_WideBus_Disable)
    i.SD_WideBus_Enable                      0x08002a7a   Section        0  stm32f1xx_hal_sd.o(i.SD_WideBus_Enable)
    SD_WideBus_Enable                        0x08002a7b   Thumb Code    78  stm32f1xx_hal_sd.o(i.SD_WideBus_Enable)
    i.SD_initialize                          0x08002ac8   Section        0  sd_diskio.o(i.SD_initialize)
    i.SD_ioctl                               0x08002ae8   Section        0  sd_diskio.o(i.SD_ioctl)
    i.SD_read                                0x08002b38   Section        0  sd_diskio.o(i.SD_read)
    i.SD_status                              0x08002b74   Section        0  sd_diskio.o(i.SD_status)
    i.SD_write                               0x08002b94   Section        0  sd_diskio.o(i.SD_write)
    i.SVC_Handler                            0x08002bd0   Section        0  stm32f1xx_it.o(i.SVC_Handler)
    i.SysTick_Handler                        0x08002bd2   Section        0  stm32f1xx_it.o(i.SysTick_Handler)
    i.SystemClock_Config                     0x08002bd6   Section        0  main.o(i.SystemClock_Config)
    i.SystemInit                             0x08002c24   Section        0  system_stm32f1xx.o(i.SystemInit)
    i.UART_DMAAbortOnError                   0x08002c6c   Section        0  stm32f1xx_hal_uart.o(i.UART_DMAAbortOnError)
    UART_DMAAbortOnError                     0x08002c6d   Thumb Code    16  stm32f1xx_hal_uart.o(i.UART_DMAAbortOnError)
    i.UART_EndRxTransfer                     0x08002c7c   Section        0  stm32f1xx_hal_uart.o(i.UART_EndRxTransfer)
    UART_EndRxTransfer                       0x08002c7d   Thumb Code    28  stm32f1xx_hal_uart.o(i.UART_EndRxTransfer)
    i.UART_Receive_IT                        0x08002c98   Section        0  stm32f1xx_hal_uart.o(i.UART_Receive_IT)
    UART_Receive_IT                          0x08002c99   Thumb Code   150  stm32f1xx_hal_uart.o(i.UART_Receive_IT)
    i.UART_SetConfig                         0x08002d30   Section        0  stm32f1xx_hal_uart.o(i.UART_SetConfig)
    UART_SetConfig                           0x08002d31   Thumb Code   364  stm32f1xx_hal_uart.o(i.UART_SetConfig)
    i.UART_Transmit_IT                       0x08002ea0   Section        0  stm32f1xx_hal_uart.o(i.UART_Transmit_IT)
    UART_Transmit_IT                         0x08002ea1   Thumb Code    98  stm32f1xx_hal_uart.o(i.UART_Transmit_IT)
    i.UART_WaitOnFlagUntilTimeout            0x08002f02   Section        0  stm32f1xx_hal_uart.o(i.UART_WaitOnFlagUntilTimeout)
    UART_WaitOnFlagUntilTimeout              0x08002f03   Thumb Code   100  stm32f1xx_hal_uart.o(i.UART_WaitOnFlagUntilTimeout)
    i.USART1_IRQHandler                      0x08002f68   Section        0  stm32f1xx_it.o(i.USART1_IRQHandler)
    i.UsageFault_Handler                     0x08002f74   Section        0  stm32f1xx_it.o(i.UsageFault_Handler)
    i.__0sprintf$8                           0x08002f78   Section        0  printf8.o(i.__0sprintf$8)
    i.__aeabi_errno_addr                     0x08002fa0   Section        0  errno.o(i.__aeabi_errno_addr)
    i.__scatterload_copy                     0x08002fa8   Section       14  handlers.o(i.__scatterload_copy)
    i.__scatterload_null                     0x08002fb6   Section        2  handlers.o(i.__scatterload_null)
    i.__scatterload_zeroinit                 0x08002fb8   Section       14  handlers.o(i.__scatterload_zeroinit)
    i._printf_core                           0x08002fc8   Section        0  printf8.o(i._printf_core)
    _printf_core                             0x08002fc9   Thumb Code   996  printf8.o(i._printf_core)
    i._printf_post_padding                   0x080033d8   Section        0  printf8.o(i._printf_post_padding)
    _printf_post_padding                     0x080033d9   Thumb Code    36  printf8.o(i._printf_post_padding)
    i._printf_pre_padding                    0x080033fc   Section        0  printf8.o(i._printf_pre_padding)
    _printf_pre_padding                      0x080033fd   Thumb Code    46  printf8.o(i._printf_pre_padding)
    i._sputc                                 0x0800342a   Section        0  printf8.o(i._sputc)
    _sputc                                   0x0800342b   Thumb Code    10  printf8.o(i._sputc)
    i.check_fs                               0x08003434   Section        0  ff.o(i.check_fs)
    check_fs                                 0x08003435   Thumb Code    90  ff.o(i.check_fs)
    i.chk_chr                                0x08003494   Section        0  ff.o(i.chk_chr)
    chk_chr                                  0x08003495   Thumb Code    16  ff.o(i.chk_chr)
    i.chk_lock                               0x080034a4   Section        0  ff.o(i.chk_lock)
    chk_lock                                 0x080034a5   Thumb Code   102  ff.o(i.chk_lock)
    i.clear_lock                             0x08003510   Section        0  ff.o(i.clear_lock)
    clear_lock                               0x08003511   Thumb Code    32  ff.o(i.clear_lock)
    i.clmt_clust                             0x08003534   Section        0  ff.o(i.clmt_clust)
    clmt_clust                               0x08003535   Thumb Code    42  ff.o(i.clmt_clust)
    i.clust2sect                             0x0800355e   Section        0  ff.o(i.clust2sect)
    i.create_chain                           0x0800357c   Section        0  ff.o(i.create_chain)
    create_chain                             0x0800357d   Thumb Code   176  ff.o(i.create_chain)
    i.create_name                            0x0800362c   Section        0  ff.o(i.create_name)
    create_name                              0x0800362d   Thumb Code   558  ff.o(i.create_name)
    i.dir_find                               0x08003870   Section        0  ff.o(i.dir_find)
    dir_find                                 0x08003871   Thumb Code   320  ff.o(i.dir_find)
    i.dir_next                               0x080039b4   Section        0  ff.o(i.dir_next)
    dir_next                                 0x080039b5   Thumb Code   286  ff.o(i.dir_next)
    i.dir_register                           0x08003ad4   Section        0  ff.o(i.dir_register)
    dir_register                             0x08003ad5   Thumb Code   460  ff.o(i.dir_register)
    i.dir_sdi                                0x08003ca4   Section        0  ff.o(i.dir_sdi)
    dir_sdi                                  0x08003ca5   Thumb Code   152  ff.o(i.dir_sdi)
    i.disk_initialize                        0x08003d3c   Section        0  diskio.o(i.disk_initialize)
    i.disk_read                              0x08003d64   Section        0  diskio.o(i.disk_read)
    i.disk_status                            0x08003d80   Section        0  diskio.o(i.disk_status)
    i.disk_write                             0x08003d98   Section        0  diskio.o(i.disk_write)
    i.f_gets                                 0x08003db4   Section        0  ff.o(i.f_gets)
    i.f_mount                                0x08003dfc   Section        0  ff.o(i.f_mount)
    i.f_open                                 0x08003e58   Section        0  ff.o(i.f_open)
    i.f_read                                 0x08004028   Section        0  ff.o(i.f_read)
    i.ff_convert                             0x080041b4   Section        0  cc936.o(i.ff_convert)
    i.ff_memalloc                            0x08004200   Section        0  syscall.o(i.ff_memalloc)
    i.ff_memfree                             0x08004204   Section        0  syscall.o(i.ff_memfree)
    i.ff_wtoupper                            0x08004208   Section        0  cc936.o(i.ff_wtoupper)
    i.find_volume                            0x0800422c   Section        0  ff.o(i.find_volume)
    find_volume                              0x0800422d   Thumb Code   588  ff.o(i.find_volume)
    i.follow_path                            0x08004484   Section        0  ff.o(i.follow_path)
    follow_path                              0x08004485   Thumb Code   114  ff.o(i.follow_path)
    i.free                                   0x080044f8   Section        0  malloc.o(i.free)
    i.gen_numname                            0x08004548   Section        0  ff.o(i.gen_numname)
    gen_numname                              0x08004549   Thumb Code   136  ff.o(i.gen_numname)
    i.get_fat                                0x080045d4   Section        0  ff.o(i.get_fat)
    i.get_fattime                            0x08004696   Section        0  fatfs.o(i.get_fattime)
    i.get_key                                0x0800469c   Section        0  numpad_row.o(i.get_key)
    i.get_ldnumber                           0x080047d0   Section        0  ff.o(i.get_ldnumber)
    get_ldnumber                             0x080047d1   Thumb Code    60  ff.o(i.get_ldnumber)
    i.inc_lock                               0x0800480c   Section        0  ff.o(i.inc_lock)
    inc_lock                                 0x0800480d   Thumb Code   154  ff.o(i.inc_lock)
    i.ld_clust                               0x080048ac   Section        0  ff.o(i.ld_clust)
    ld_clust                                 0x080048ad   Thumb Code    20  ff.o(i.ld_clust)
    i.main                                   0x080048c0   Section        0  main.o(i.main)
    i.malloc                                 0x08004ce8   Section        0  malloc.o(i.malloc)
    i.mem_cpy                                0x08004d54   Section        0  ff.o(i.mem_cpy)
    mem_cpy                                  0x08004d55   Thumb Code    18  ff.o(i.mem_cpy)
    i.mem_set                                0x08004d66   Section        0  ff.o(i.mem_set)
    mem_set                                  0x08004d67   Thumb Code    14  ff.o(i.mem_set)
    i.move_window                            0x08004d74   Section        0  ff.o(i.move_window)
    move_window                              0x08004d75   Thumb Code    54  ff.o(i.move_window)
    i.put_fat                                0x08004daa   Section        0  ff.o(i.put_fat)
    i.remove_chain                           0x08004ea2   Section        0  ff.o(i.remove_chain)
    remove_chain                             0x08004ea3   Thumb Code   110  ff.o(i.remove_chain)
    i.scan_col                               0x08004f10   Section        0  numpad_row.o(i.scan_col)
    i.sdfile_parse                           0x08004f94   Section        0  sd_op.o(i.sdfile_parse)
    i.sdfile_read                            0x08005074   Section        0  sd_op.o(i.sdfile_read)
    i.sid_manual                             0x080050d4   Section        0  main.o(i.sid_manual)
    i.st_clust                               0x080051a8   Section        0  ff.o(i.st_clust)
    st_clust                                 0x080051a9   Thumb Code    16  ff.o(i.st_clust)
    i.sum_sfn                                0x080051b8   Section        0  ff.o(i.sum_sfn)
    sum_sfn                                  0x080051b9   Thumb Code    26  ff.o(i.sum_sfn)
    i.sync_window                            0x080051d2   Section        0  ff.o(i.sync_window)
    sync_window                              0x080051d3   Thumb Code    96  ff.o(i.sync_window)
    i.timer                                  0x08005234   Section        0  main.o(i.timer)
    i.unlock                                 0x08005324   Section        0  main.o(i.unlock)
    i.validate                               0x0800538c   Section        0  ff.o(i.validate)
    validate                                 0x0800538d   Thumb Code    44  ff.o(i.validate)
    i.withinTenMins                          0x080053b8   Section        0  main.o(i.withinTenMins)
    .constdata                               0x08005444   Section     1520  lcd.o(.constdata)
    .constdata                               0x08005a34   Section       16  system_stm32f1xx.o(.constdata)
    .constdata                               0x08005a44   Section        8  system_stm32f1xx.o(.constdata)
    .constdata                               0x08005a4c   Section       58  ff.o(.constdata)
    LfnOfs                                   0x08005a4c   Data          13  ff.o(.constdata)
    vst                                      0x08005a5a   Data          22  ff.o(.constdata)
    cst                                      0x08005a70   Data          22  ff.o(.constdata)
    .constdata                               0x08005a86   Section    175304  cc936.o(.constdata)
    uni2oem                                  0x08005a86   Data       87172  cc936.o(.constdata)
    oem2uni                                  0x0801af0a   Data       87172  cc936.o(.constdata)
    tbl_lower                                0x0803038e   Data         480  cc936.o(.constdata)
    tbl_upper                                0x0803056e   Data         480  cc936.o(.constdata)
    .constdata                               0x08030750   Section       20  sd_diskio.o(.constdata)
    .constdata                               0x08030764   Section      129  ctype_o.o(.constdata)
    .constdata                               0x080307e8   Section        4  ctype_o.o(.constdata)
    table                                    0x080307e8   Data           4  ctype_o.o(.constdata)
    .conststring                             0x080307ec   Section       11  sd_op.o(.conststring)
    .data                                    0x20000000   Section        1  numpad_row.o(.data)
    .data                                    0x20000004   Section        4  sd_op.o(.data)
    .data                                    0x20000008   Section       36  main.o(.data)
    .data                                    0x2000002c   Section        5  fatfs.o(.data)
    .data                                    0x20000034   Section        8  stm32f1xx_hal_msp.o(.data)
    FSMC_Initialized                         0x20000034   Data           4  stm32f1xx_hal_msp.o(.data)
    FSMC_DeInitialized                       0x20000038   Data           4  stm32f1xx_hal_msp.o(.data)
    .data                                    0x2000003c   Section       12  stm32f1xx_hal.o(.data)
    .data                                    0x20000048   Section        4  system_stm32f1xx.o(.data)
    .data                                    0x2000004c   Section        8  ff.o(.data)
    Fsid                                     0x2000004c   Data           2  ff.o(.data)
    FatFs                                    0x20000050   Data           4  ff.o(.data)
    .data                                    0x20000054   Section        1  sd_diskio.o(.data)
    Stat                                     0x20000054   Data           1  sd_diskio.o(.data)
    .data                                    0x20000058   Section        4  strtok.o(.data)
    state                                    0x20000058   Data           4  strtok.o(.data)
    .data                                    0x2000005c   Section        4  mvars.o(.data)
    .data                                    0x20000060   Section        4  mvars.o(.data)
    .data                                    0x20000064   Section        4  errno.o(.data)
    _errno                                   0x20000064   Data           4  errno.o(.data)
    .bss                                     0x20000068   Section      986  main.o(.bss)
    .bss                                     0x20000444   Section      560  fatfs.o(.bss)
    .bss                                     0x20000674   Section      556  fatfs.o(.bss)
    .bss                                     0x200008a0   Section       24  ff.o(.bss)
    Files                                    0x200008a0   Data          24  ff.o(.bss)
    .bss                                     0x200008b8   Section       12  ff_gen_drv.o(.bss)
    HEAP                                     0x200008c8   Section     2048  startup_stm32f103xe.o(HEAP)
    STACK                                    0x200010c8   Section     1024  startup_stm32f103xe.o(STACK)

    Global Symbols

    Symbol Name                              Value     Ov Type        Size  Object(Section)

    BuildAttributes$$THM_ISAv4$P$D$K$B$S$PE$A:L22UL41UL21$X:L11$S22US41US21$IEEE1$IW$USESV6$~STKCKD$USESV7$~SHL$OTIME$ROPI$IEEEJ$EBA8$MICROLIB$REQ8$PRES8$EABIv2 0x00000000   Number         0  anon$$obj.o ABSOLUTE
    __ARM_use_no_argv                        0x00000000   Number         0  main.o ABSOLUTE
    _printf_a                                0x00000000   Number         0  stubs.o ABSOLUTE
    _printf_c                                0x00000000   Number         0  stubs.o ABSOLUTE
    _printf_charcount                        0x00000000   Number         0  stubs.o ABSOLUTE
    _printf_d                                0x00000000   Number         0  stubs.o ABSOLUTE
    _printf_e                                0x00000000   Number         0  stubs.o ABSOLUTE
    _printf_f                                0x00000000   Number         0  stubs.o ABSOLUTE
    _printf_flags                            0x00000000   Number         0  stubs.o ABSOLUTE
    _printf_fp_dec                           0x00000000   Number         0  stubs.o ABSOLUTE
    _printf_fp_hex                           0x00000000   Number         0  stubs.o ABSOLUTE
    _printf_g                                0x00000000   Number         0  stubs.o ABSOLUTE
    _printf_i                                0x00000000   Number         0  stubs.o ABSOLUTE
    _printf_int_dec                          0x00000000   Number         0  stubs.o ABSOLUTE
    _printf_l                                0x00000000   Number         0  stubs.o ABSOLUTE
    _printf_lc                               0x00000000   Number         0  stubs.o ABSOLUTE
    _printf_ll                               0x00000000   Number         0  stubs.o ABSOLUTE
    _printf_lld                              0x00000000   Number         0  stubs.o ABSOLUTE
    _printf_lli                              0x00000000   Number         0  stubs.o ABSOLUTE
    _printf_llo                              0x00000000   Number         0  stubs.o ABSOLUTE
    _printf_llu                              0x00000000   Number         0  stubs.o ABSOLUTE
    _printf_llx                              0x00000000   Number         0  stubs.o ABSOLUTE
    _printf_longlong_dec                     0x00000000   Number         0  stubs.o ABSOLUTE
    _printf_longlong_hex                     0x00000000   Number         0  stubs.o ABSOLUTE
    _printf_longlong_oct                     0x00000000   Number         0  stubs.o ABSOLUTE
    _printf_ls                               0x00000000   Number         0  stubs.o ABSOLUTE
    _printf_mbtowc                           0x00000000   Number         0  stubs.o ABSOLUTE
    _printf_n                                0x00000000   Number         0  stubs.o ABSOLUTE
    _printf_o                                0x00000000   Number         0  stubs.o ABSOLUTE
    _printf_p                                0x00000000   Number         0  stubs.o ABSOLUTE
    _printf_percent                          0x00000000   Number         0  stubs.o ABSOLUTE
    _printf_pre_padding                      0x00000000   Number         0  stubs.o ABSOLUTE
    _printf_return_value                     0x00000000   Number         0  stubs.o ABSOLUTE
    _printf_s                                0x00000000   Number         0  stubs.o ABSOLUTE
    _printf_sizespec                         0x00000000   Number         0  stubs.o ABSOLUTE
    _printf_str                              0x00000000   Number         0  stubs.o ABSOLUTE
    _printf_truncate_signed                  0x00000000   Number         0  stubs.o ABSOLUTE
    _printf_truncate_unsigned                0x00000000   Number         0  stubs.o ABSOLUTE
    _printf_u                                0x00000000   Number         0  stubs.o ABSOLUTE
    _printf_wc                               0x00000000   Number         0  stubs.o ABSOLUTE
    _printf_wctomb                           0x00000000   Number         0  stubs.o ABSOLUTE
    _printf_widthprec                        0x00000000   Number         0  stubs.o ABSOLUTE
    _printf_x                                0x00000000   Number         0  stubs.o ABSOLUTE
    __cpp_initialize__aeabi_                  - Undefined Weak Reference
    __cxa_finalize                            - Undefined Weak Reference
    __decompress                              - Undefined Weak Reference
    _clock_init                               - Undefined Weak Reference
    _microlib_exit                            - Undefined Weak Reference
    __Vectors_Size                           0x00000130   Number         0  startup_stm32f103xe.o ABSOLUTE
    __Vectors                                0x08000000   Data           4  startup_stm32f103xe.o(RESET)
    __Vectors_End                            0x08000130   Data           0  startup_stm32f103xe.o(RESET)
    __main                                   0x08000131   Thumb Code     0  entry.o(.ARM.Collect$$$$00000000)
    _main_stk                                0x08000131   Thumb Code     0  entry2.o(.ARM.Collect$$$$00000001)
    _main_scatterload                        0x08000135   Thumb Code     0  entry5.o(.ARM.Collect$$$$00000004)
    __main_after_scatterload                 0x08000139   Thumb Code     0  entry5.o(.ARM.Collect$$$$00000004)
    _main_clock                              0x08000139   Thumb Code     0  entry7b.o(.ARM.Collect$$$$00000008)
    _main_cpp_init                           0x08000139   Thumb Code     0  entry8b.o(.ARM.Collect$$$$0000000A)
    _main_init                               0x08000139   Thumb Code     0  entry9a.o(.ARM.Collect$$$$0000000B)
    __rt_final_cpp                           0x08000141   Thumb Code     0  entry10a.o(.ARM.Collect$$$$0000000D)
    __rt_final_exit                          0x08000141   Thumb Code     0  entry11a.o(.ARM.Collect$$$$0000000F)
    Reset_Handler                            0x08000145   Thumb Code     8  startup_stm32f103xe.o(.text)
    ADC1_2_IRQHandler                        0x0800015f   Thumb Code     0  startup_stm32f103xe.o(.text)
    ADC3_IRQHandler                          0x0800015f   Thumb Code     0  startup_stm32f103xe.o(.text)
    CAN1_RX1_IRQHandler                      0x0800015f   Thumb Code     0  startup_stm32f103xe.o(.text)
    CAN1_SCE_IRQHandler                      0x0800015f   Thumb Code     0  startup_stm32f103xe.o(.text)
    DMA1_Channel1_IRQHandler                 0x0800015f   Thumb Code     0  startup_stm32f103xe.o(.text)
    DMA1_Channel2_IRQHandler                 0x0800015f   Thumb Code     0  startup_stm32f103xe.o(.text)
    DMA1_Channel3_IRQHandler                 0x0800015f   Thumb Code     0  startup_stm32f103xe.o(.text)
    DMA1_Channel4_IRQHandler                 0x0800015f   Thumb Code     0  startup_stm32f103xe.o(.text)
    DMA1_Channel5_IRQHandler                 0x0800015f   Thumb Code     0  startup_stm32f103xe.o(.text)
    DMA1_Channel6_IRQHandler                 0x0800015f   Thumb Code     0  startup_stm32f103xe.o(.text)
    DMA1_Channel7_IRQHandler                 0x0800015f   Thumb Code     0  startup_stm32f103xe.o(.text)
    DMA2_Channel1_IRQHandler                 0x0800015f   Thumb Code     0  startup_stm32f103xe.o(.text)
    DMA2_Channel2_IRQHandler                 0x0800015f   Thumb Code     0  startup_stm32f103xe.o(.text)
    DMA2_Channel3_IRQHandler                 0x0800015f   Thumb Code     0  startup_stm32f103xe.o(.text)
    DMA2_Channel4_5_IRQHandler               0x0800015f   Thumb Code     0  startup_stm32f103xe.o(.text)
    EXTI0_IRQHandler                         0x0800015f   Thumb Code     0  startup_stm32f103xe.o(.text)
    EXTI15_10_IRQHandler                     0x0800015f   Thumb Code     0  startup_stm32f103xe.o(.text)
    EXTI1_IRQHandler                         0x0800015f   Thumb Code     0  startup_stm32f103xe.o(.text)
    EXTI2_IRQHandler                         0x0800015f   Thumb Code     0  startup_stm32f103xe.o(.text)
    EXTI3_IRQHandler                         0x0800015f   Thumb Code     0  startup_stm32f103xe.o(.text)
    EXTI4_IRQHandler                         0x0800015f   Thumb Code     0  startup_stm32f103xe.o(.text)
    EXTI9_5_IRQHandler                       0x0800015f   Thumb Code     0  startup_stm32f103xe.o(.text)
    FLASH_IRQHandler                         0x0800015f   Thumb Code     0  startup_stm32f103xe.o(.text)
    FSMC_IRQHandler                          0x0800015f   Thumb Code     0  startup_stm32f103xe.o(.text)
    I2C1_ER_IRQHandler                       0x0800015f   Thumb Code     0  startup_stm32f103xe.o(.text)
    I2C1_EV_IRQHandler                       0x0800015f   Thumb Code     0  startup_stm32f103xe.o(.text)
    I2C2_ER_IRQHandler                       0x0800015f   Thumb Code     0  startup_stm32f103xe.o(.text)
    I2C2_EV_IRQHandler                       0x0800015f   Thumb Code     0  startup_stm32f103xe.o(.text)
    PVD_IRQHandler                           0x0800015f   Thumb Code     0  startup_stm32f103xe.o(.text)
    RCC_IRQHandler                           0x0800015f   Thumb Code     0  startup_stm32f103xe.o(.text)
    RTC_Alarm_IRQHandler                     0x0800015f   Thumb Code     0  startup_stm32f103xe.o(.text)
    RTC_IRQHandler                           0x0800015f   Thumb Code     0  startup_stm32f103xe.o(.text)
    SDIO_IRQHandler                          0x0800015f   Thumb Code     0  startup_stm32f103xe.o(.text)
    SPI1_IRQHandler                          0x0800015f   Thumb Code     0  startup_stm32f103xe.o(.text)
    SPI2_IRQHandler                          0x0800015f   Thumb Code     0  startup_stm32f103xe.o(.text)
    SPI3_IRQHandler                          0x0800015f   Thumb Code     0  startup_stm32f103xe.o(.text)
    TAMPER_IRQHandler                        0x0800015f   Thumb Code     0  startup_stm32f103xe.o(.text)
    TIM1_BRK_IRQHandler                      0x0800015f   Thumb Code     0  startup_stm32f103xe.o(.text)
    TIM1_CC_IRQHandler                       0x0800015f   Thumb Code     0  startup_stm32f103xe.o(.text)
    TIM1_TRG_COM_IRQHandler                  0x0800015f   Thumb Code     0  startup_stm32f103xe.o(.text)
    TIM1_UP_IRQHandler                       0x0800015f   Thumb Code     0  startup_stm32f103xe.o(.text)
    TIM2_IRQHandler                          0x0800015f   Thumb Code     0  startup_stm32f103xe.o(.text)
    TIM3_IRQHandler                          0x0800015f   Thumb Code     0  startup_stm32f103xe.o(.text)
    TIM4_IRQHandler                          0x0800015f   Thumb Code     0  startup_stm32f103xe.o(.text)
    TIM5_IRQHandler                          0x0800015f   Thumb Code     0  startup_stm32f103xe.o(.text)
    TIM6_IRQHandler                          0x0800015f   Thumb Code     0  startup_stm32f103xe.o(.text)
    TIM7_IRQHandler                          0x0800015f   Thumb Code     0  startup_stm32f103xe.o(.text)
    TIM8_BRK_IRQHandler                      0x0800015f   Thumb Code     0  startup_stm32f103xe.o(.text)
    TIM8_CC_IRQHandler                       0x0800015f   Thumb Code     0  startup_stm32f103xe.o(.text)
    TIM8_TRG_COM_IRQHandler                  0x0800015f   Thumb Code     0  startup_stm32f103xe.o(.text)
    TIM8_UP_IRQHandler                       0x0800015f   Thumb Code     0  startup_stm32f103xe.o(.text)
    UART4_IRQHandler                         0x0800015f   Thumb Code     0  startup_stm32f103xe.o(.text)
    UART5_IRQHandler                         0x0800015f   Thumb Code     0  startup_stm32f103xe.o(.text)
    USART2_IRQHandler                        0x0800015f   Thumb Code     0  startup_stm32f103xe.o(.text)
    USART3_IRQHandler                        0x0800015f   Thumb Code     0  startup_stm32f103xe.o(.text)
    USBWakeUp_IRQHandler                     0x0800015f   Thumb Code     0  startup_stm32f103xe.o(.text)
    USB_HP_CAN1_TX_IRQHandler                0x0800015f   Thumb Code     0  startup_stm32f103xe.o(.text)
    USB_LP_CAN1_RX0_IRQHandler               0x0800015f   Thumb Code     0  startup_stm32f103xe.o(.text)
    WWDG_IRQHandler                          0x0800015f   Thumb Code     0  startup_stm32f103xe.o(.text)
    __aeabi_llsr                             0x08000169   Thumb Code    32  llushr.o(.text)
    _ll_ushift_r                             0x08000169   Thumb Code     0  llushr.o(.text)
    __aeabi_memset                           0x08000189   Thumb Code    14  memseta.o(.text)
    __aeabi_memset4                          0x08000189   Thumb Code     0  memseta.o(.text)
    __aeabi_memset8                          0x08000189   Thumb Code     0  memseta.o(.text)
    __aeabi_memclr                           0x08000197   Thumb Code     4  memseta.o(.text)
    __aeabi_memclr4                          0x08000197   Thumb Code     0  memseta.o(.text)
    __aeabi_memclr8                          0x08000197   Thumb Code     0  memseta.o(.text)
    _memset$wrapper                          0x0800019b   Thumb Code    18  memseta.o(.text)
    strcat                                   0x080001ad   Thumb Code    24  strcat.o(.text)
    strstr                                   0x080001c5   Thumb Code    36  strstr.o(.text)
    strncpy                                  0x080001e9   Thumb Code    24  strncpy.o(.text)
    strlen                                   0x08000201   Thumb Code    14  strlen.o(.text)
    strcmp                                   0x0800020f   Thumb Code    28  strcmp.o(.text)
    strcpy                                   0x0800022b   Thumb Code    18  strcpy.o(.text)
    strtok                                   0x0800023d   Thumb Code    62  strtok.o(.text)
    atoi                                     0x08000281   Thumb Code    26  atoi.o(.text)
    __aeabi_uldivmod                         0x0800029b   Thumb Code    98  uldiv.o(.text)
    __aeabi_llsl                             0x080002fd   Thumb Code    30  llshl.o(.text)
    _ll_shift_l                              0x080002fd   Thumb Code     0  llshl.o(.text)
    strtol                                   0x0800031b   Thumb Code   112  strtol.o(.text)
    __scatterload                            0x0800038d   Thumb Code    28  init.o(.text)
    __scatterload_rt2                        0x0800038d   Thumb Code     0  init.o(.text)
    __rt_ctype_table                         0x080003b1   Thumb Code     4  ctype_o.o(.text)
    _strtoul                                 0x080003b9   Thumb Code   158  _strtoul.o(.text)
    _chval                                   0x08000457   Thumb Code    28  _chval.o(.text)
    BSP_SD_GetCardInfo                       0x08000475   Thumb Code     8  bsp_driver_sd.o(i.BSP_SD_GetCardInfo)
    BSP_SD_GetCardState                      0x08000481   Thumb Code    20  bsp_driver_sd.o(i.BSP_SD_GetCardState)
    BSP_SD_Init                              0x08000499   Thumb Code    48  bsp_driver_sd.o(i.BSP_SD_Init)
    BSP_SD_ReadBlocks                        0x080004cd   Thumb Code    26  bsp_driver_sd.o(i.BSP_SD_ReadBlocks)
    BSP_SD_WriteBlocks                       0x080004ed   Thumb Code    26  bsp_driver_sd.o(i.BSP_SD_WriteBlocks)
    BusFault_Handler                         0x0800050d   Thumb Code     2  stm32f1xx_it.o(i.BusFault_Handler)
    DebugMon_Handler                         0x0800050f   Thumb Code     2  stm32f1xx_it.o(i.DebugMon_Handler)
    Delay                                    0x08000511   Thumb Code    16  lcd.o(i.Delay)
    FATFS_LinkDriver                         0x08000521   Thumb Code     6  ff_gen_drv.o(i.FATFS_LinkDriver)
    FATFS_LinkDriverEx                       0x08000529   Thumb Code    60  ff_gen_drv.o(i.FATFS_LinkDriverEx)
    FSMC_NORSRAM_Extended_Timing_Init        0x08000569   Thumb Code    56  stm32f1xx_ll_fsmc.o(i.FSMC_NORSRAM_Extended_Timing_Init)
    FSMC_NORSRAM_Init                        0x080005a5   Thumb Code   148  stm32f1xx_ll_fsmc.o(i.FSMC_NORSRAM_Init)
    FSMC_NORSRAM_Timing_Init                 0x0800063d   Thumb Code    64  stm32f1xx_ll_fsmc.o(i.FSMC_NORSRAM_Timing_Init)
    HAL_CRC_Init                             0x08000681   Thumb Code    34  stm32f1xx_hal_crc.o(i.HAL_CRC_Init)
    HAL_CRC_MspInit                          0x080006a5   Thumb Code    30  stm32f1xx_hal_msp.o(i.HAL_CRC_MspInit)
    HAL_DMA_Abort_IT                         0x080006cd   Thumb Code   296  stm32f1xx_hal_dma.o(i.HAL_DMA_Abort_IT)
    HAL_Delay                                0x080007fd   Thumb Code    32  stm32f1xx_hal.o(i.HAL_Delay)
    HAL_GPIO_Init                            0x08000889   Thumb Code   446  stm32f1xx_hal_gpio.o(i.HAL_GPIO_Init)
    HAL_GPIO_ReadPin                         0x08000a71   Thumb Code    10  stm32f1xx_hal_gpio.o(i.HAL_GPIO_ReadPin)
    HAL_GPIO_WritePin                        0x08000a7b   Thumb Code    10  stm32f1xx_hal_gpio.o(i.HAL_GPIO_WritePin)
    HAL_GetTick                              0x08000a85   Thumb Code     6  stm32f1xx_hal.o(i.HAL_GetTick)
    HAL_IncTick                              0x08000a91   Thumb Code    12  stm32f1xx_hal.o(i.HAL_IncTick)
    HAL_Init                                 0x08000aa1   Thumb Code    32  stm32f1xx_hal.o(i.HAL_Init)
    HAL_InitTick                             0x08000ac5   Thumb Code    54  stm32f1xx_hal.o(i.HAL_InitTick)
    HAL_MspInit                              0x08000b05   Thumb Code    52  stm32f1xx_hal_msp.o(i.HAL_MspInit)
    HAL_NVIC_EnableIRQ                       0x08000b41   Thumb Code    22  stm32f1xx_hal_cortex.o(i.HAL_NVIC_EnableIRQ)
    HAL_NVIC_SetPriority                     0x08000b59   Thumb Code    60  stm32f1xx_hal_cortex.o(i.HAL_NVIC_SetPriority)
    HAL_NVIC_SetPriorityGrouping             0x08000b99   Thumb Code    26  stm32f1xx_hal_cortex.o(i.HAL_NVIC_SetPriorityGrouping)
    HAL_RCC_ClockConfig                      0x08000bbd   Thumb Code   346  stm32f1xx_hal_rcc.o(i.HAL_RCC_ClockConfig)
    HAL_RCC_GetPCLK1Freq                     0x08000d29   Thumb Code    20  stm32f1xx_hal_rcc.o(i.HAL_RCC_GetPCLK1Freq)
    HAL_RCC_GetPCLK2Freq                     0x08000d49   Thumb Code    20  stm32f1xx_hal_rcc.o(i.HAL_RCC_GetPCLK2Freq)
    HAL_RCC_GetSysClockFreq                  0x08000d69   Thumb Code    74  stm32f1xx_hal_rcc.o(i.HAL_RCC_GetSysClockFreq)
    HAL_RCC_OscConfig                        0x08000dd5   Thumb Code   750  stm32f1xx_hal_rcc.o(i.HAL_RCC_OscConfig)
    HAL_SD_ConfigWideBusOperation            0x080010d9   Thumb Code   120  stm32f1xx_hal_sd.o(i.HAL_SD_ConfigWideBusOperation)
    HAL_SD_GetCardCSD                        0x08001151   Thumb Code   474  stm32f1xx_hal_sd.o(i.HAL_SD_GetCardCSD)
    HAL_SD_GetCardInfo                       0x0800132b   Thumb Code    36  stm32f1xx_hal_sd.o(i.HAL_SD_GetCardInfo)
    HAL_SD_GetCardState                      0x0800134f   Thumb Code    44  stm32f1xx_hal_sd.o(i.HAL_SD_GetCardState)
    HAL_SD_Init                              0x0800137b   Thumb Code    54  stm32f1xx_hal_sd.o(i.HAL_SD_Init)
    HAL_SD_InitCard                          0x080013b1   Thumb Code    80  stm32f1xx_hal_sd.o(i.HAL_SD_InitCard)
    HAL_SD_MspInit                           0x08001405   Thumb Code   114  stm32f1xx_hal_msp.o(i.HAL_SD_MspInit)
    HAL_SD_ReadBlocks                        0x08001489   Thumb Code   434  stm32f1xx_hal_sd.o(i.HAL_SD_ReadBlocks)
    HAL_SD_WriteBlocks                       0x0800163d   Thumb Code   410  stm32f1xx_hal_sd.o(i.HAL_SD_WriteBlocks)
    HAL_SRAM_Init                            0x080017d7   Thumb Code    86  stm32f1xx_hal_sram.o(i.HAL_SRAM_Init)
    HAL_SRAM_MspInit                         0x0800182d   Thumb Code     4  stm32f1xx_hal_msp.o(i.HAL_SRAM_MspInit)
    HAL_SYSTICK_Config                       0x08001831   Thumb Code    40  stm32f1xx_hal_cortex.o(i.HAL_SYSTICK_Config)
    HAL_UART_ErrorCallback                   0x08001859   Thumb Code     2  stm32f1xx_hal_uart.o(i.HAL_UART_ErrorCallback)
    HAL_UART_IRQHandler                      0x0800185d   Thumb Code   266  stm32f1xx_hal_uart.o(i.HAL_UART_IRQHandler)
    HAL_UART_Init                            0x0800196d   Thumb Code    98  stm32f1xx_hal_uart.o(i.HAL_UART_Init)
    HAL_UART_MspInit                         0x080019d1   Thumb Code   116  stm32f1xx_hal_msp.o(i.HAL_UART_MspInit)
    HAL_UART_Receive                         0x08001a51   Thumb Code   184  stm32f1xx_hal_uart.o(i.HAL_UART_Receive)
    HAL_UART_RxCpltCallback                  0x08001b09   Thumb Code     2  stm32f1xx_hal_uart.o(i.HAL_UART_RxCpltCallback)
    HAL_UART_Transmit                        0x08001b0b   Thumb Code   186  stm32f1xx_hal_uart.o(i.HAL_UART_Transmit)
    HAL_UART_TxCpltCallback                  0x08001bc5   Thumb Code     2  stm32f1xx_hal_uart.o(i.HAL_UART_TxCpltCallback)
    HardFault_Handler                        0x08001bc7   Thumb Code     2  stm32f1xx_it.o(i.HardFault_Handler)
    LCD_BackLed_Control                      0x08001bc9   Thumb Code    20  lcd.o(i.LCD_BackLed_Control)
    LCD_Clear                                0x08001be1   Thumb Code    26  lcd.o(i.LCD_Clear)
    LCD_DrawChar                             0x08001bfd   Thumb Code    70  lcd.o(i.LCD_DrawChar)
    LCD_DrawDot                              0x08001c4d   Thumb Code    60  lcd.o(i.LCD_DrawDot)
    LCD_DrawLine                             0x08001c8d   Thumb Code   158  lcd.o(i.LCD_DrawLine)
    LCD_DrawString                           0x08001d2d   Thumb Code    64  lcd.o(i.LCD_DrawString)
    LCD_FillColor                            0x08001d6d   Thumb Code    24  lcd.o(i.LCD_FillColor)
    LCD_INIT                                 0x08001d89   Thumb Code    38  lcd.o(i.LCD_INIT)
    LCD_OpenWindow                           0x08001db1   Thumb Code    58  lcd.o(i.LCD_OpenWindow)
    LCD_REG_Config                           0x08001df1   Thumb Code   368  lcd.o(i.LCD_REG_Config)
    LCD_Rst                                  0x08001f69   Thumb Code    42  lcd.o(i.LCD_Rst)
    MX_FATFS_Init                            0x08001f9d   Thumb Code    18  fatfs.o(i.MX_FATFS_Init)
    MemManage_Handler                        0x0800214d   Thumb Code     2  stm32f1xx_it.o(i.MemManage_Handler)
    NMI_Handler                              0x0800214f   Thumb Code     2  stm32f1xx_it.o(i.NMI_Handler)
    PendSV_Handler                           0x08002171   Thumb Code     2  stm32f1xx_it.o(i.PendSV_Handler)
    SDIO_ConfigData                          0x08002173   Thumb Code    36  stm32f1xx_ll_sdmmc.o(i.SDIO_ConfigData)
    SDIO_GetPowerState                       0x08002197   Thumb Code     8  stm32f1xx_ll_sdmmc.o(i.SDIO_GetPowerState)
    SDIO_GetResponse                         0x0800219f   Thumb Code    12  stm32f1xx_ll_sdmmc.o(i.SDIO_GetResponse)
    SDIO_Init                                0x080021ab   Thumb Code    36  stm32f1xx_ll_sdmmc.o(i.SDIO_Init)
    SDIO_PowerState_ON                       0x080021cf   Thumb Code     8  stm32f1xx_ll_sdmmc.o(i.SDIO_PowerState_ON)
    SDIO_ReadFIFO                            0x080021d7   Thumb Code     6  stm32f1xx_ll_sdmmc.o(i.SDIO_ReadFIFO)
    SDIO_SendCommand                         0x080021dd   Thumb Code    32  stm32f1xx_ll_sdmmc.o(i.SDIO_SendCommand)
    SDIO_WriteFIFO                           0x080021fd   Thumb Code    10  stm32f1xx_ll_sdmmc.o(i.SDIO_WriteFIFO)
    SDMMC_CmdAppCommand                      0x08002207   Thumb Code    50  stm32f1xx_ll_sdmmc.o(i.SDMMC_CmdAppCommand)
    SDMMC_CmdAppOperCommand                  0x08002239   Thumb Code    48  stm32f1xx_ll_sdmmc.o(i.SDMMC_CmdAppOperCommand)
    SDMMC_CmdBlockLength                     0x0800226d   Thumb Code    50  stm32f1xx_ll_sdmmc.o(i.SDMMC_CmdBlockLength)
    SDMMC_CmdBusWidth                        0x0800229f   Thumb Code    50  stm32f1xx_ll_sdmmc.o(i.SDMMC_CmdBusWidth)
    SDMMC_CmdGoIdleState                     0x080022d1   Thumb Code    76  stm32f1xx_ll_sdmmc.o(i.SDMMC_CmdGoIdleState)
    SDMMC_CmdOperCond                        0x08002321   Thumb Code    98  stm32f1xx_ll_sdmmc.o(i.SDMMC_CmdOperCond)
    SDMMC_CmdReadMultiBlock                  0x08002389   Thumb Code    50  stm32f1xx_ll_sdmmc.o(i.SDMMC_CmdReadMultiBlock)
    SDMMC_CmdReadSingleBlock                 0x080023bb   Thumb Code    50  stm32f1xx_ll_sdmmc.o(i.SDMMC_CmdReadSingleBlock)
    SDMMC_CmdSelDesel                        0x080023ed   Thumb Code    50  stm32f1xx_ll_sdmmc.o(i.SDMMC_CmdSelDesel)
    SDMMC_CmdSendCID                         0x0800241f   Thumb Code    44  stm32f1xx_ll_sdmmc.o(i.SDMMC_CmdSendCID)
    SDMMC_CmdSendCSD                         0x0800244b   Thumb Code    44  stm32f1xx_ll_sdmmc.o(i.SDMMC_CmdSendCSD)
    SDMMC_CmdSendSCR                         0x08002477   Thumb Code    48  stm32f1xx_ll_sdmmc.o(i.SDMMC_CmdSendSCR)
    SDMMC_CmdSendStatus                      0x080024a7   Thumb Code    50  stm32f1xx_ll_sdmmc.o(i.SDMMC_CmdSendStatus)
    SDMMC_CmdSetRelAdd                       0x080024d9   Thumb Code    48  stm32f1xx_ll_sdmmc.o(i.SDMMC_CmdSetRelAdd)
    SDMMC_CmdStopTransfer                    0x08002509   Thumb Code    46  stm32f1xx_ll_sdmmc.o(i.SDMMC_CmdStopTransfer)
    SDMMC_CmdWriteMultiBlock                 0x0800253d   Thumb Code    50  stm32f1xx_ll_sdmmc.o(i.SDMMC_CmdWriteMultiBlock)
    SDMMC_CmdWriteSingleBlock                0x0800256f   Thumb Code    50  stm32f1xx_ll_sdmmc.o(i.SDMMC_CmdWriteSingleBlock)
    SD_initialize                            0x08002ac9   Thumb Code    26  sd_diskio.o(i.SD_initialize)
    SD_ioctl                                 0x08002ae9   Thumb Code    74  sd_diskio.o(i.SD_ioctl)
    SD_read                                  0x08002b39   Thumb Code    52  sd_diskio.o(i.SD_read)
    SD_status                                0x08002b75   Thumb Code    26  sd_diskio.o(i.SD_status)
    SD_write                                 0x08002b95   Thumb Code    52  sd_diskio.o(i.SD_write)
    SVC_Handler                              0x08002bd1   Thumb Code     2  stm32f1xx_it.o(i.SVC_Handler)
    SysTick_Handler                          0x08002bd3   Thumb Code     4  stm32f1xx_it.o(i.SysTick_Handler)
    SystemClock_Config                       0x08002bd7   Thumb Code    78  main.o(i.SystemClock_Config)
    SystemInit                               0x08002c25   Thumb Code    56  system_stm32f1xx.o(i.SystemInit)
    USART1_IRQHandler                        0x08002f69   Thumb Code     6  stm32f1xx_it.o(i.USART1_IRQHandler)
    UsageFault_Handler                       0x08002f75   Thumb Code     2  stm32f1xx_it.o(i.UsageFault_Handler)
    __0sprintf$8                             0x08002f79   Thumb Code    34  printf8.o(i.__0sprintf$8)
    __1sprintf$8                             0x08002f79   Thumb Code     0  printf8.o(i.__0sprintf$8)
    __2sprintf                               0x08002f79   Thumb Code     0  printf8.o(i.__0sprintf$8)
    __aeabi_errno_addr                       0x08002fa1   Thumb Code     4  errno.o(i.__aeabi_errno_addr)
    __rt_errno_addr                          0x08002fa1   Thumb Code     0  errno.o(i.__aeabi_errno_addr)
    __scatterload_copy                       0x08002fa9   Thumb Code    14  handlers.o(i.__scatterload_copy)
    __scatterload_null                       0x08002fb7   Thumb Code     2  handlers.o(i.__scatterload_null)
    __scatterload_zeroinit                   0x08002fb9   Thumb Code    14  handlers.o(i.__scatterload_zeroinit)
    clust2sect                               0x0800355f   Thumb Code    30  ff.o(i.clust2sect)
    disk_initialize                          0x08003d3d   Thumb Code    36  diskio.o(i.disk_initialize)
    disk_read                                0x08003d65   Thumb Code    24  diskio.o(i.disk_read)
    disk_status                              0x08003d81   Thumb Code    18  diskio.o(i.disk_status)
    disk_write                               0x08003d99   Thumb Code    24  diskio.o(i.disk_write)
    f_gets                                   0x08003db5   Thumb Code    72  ff.o(i.f_gets)
    f_mount                                  0x08003dfd   Thumb Code    88  ff.o(i.f_mount)
    f_open                                   0x08003e59   Thumb Code   460  ff.o(i.f_open)
    f_read                                   0x08004029   Thumb Code   396  ff.o(i.f_read)
    ff_convert                               0x080041b5   Thumb Code    68  cc936.o(i.ff_convert)
    ff_memalloc                              0x08004201   Thumb Code     4  syscall.o(i.ff_memalloc)
    ff_memfree                               0x08004205   Thumb Code     4  syscall.o(i.ff_memfree)
    ff_wtoupper                              0x08004209   Thumb Code    28  cc936.o(i.ff_wtoupper)
    free                                     0x080044f9   Thumb Code    76  malloc.o(i.free)
    get_fat                                  0x080045d5   Thumb Code   194  ff.o(i.get_fat)
    get_fattime                              0x08004697   Thumb Code     4  fatfs.o(i.get_fattime)
    get_key                                  0x0800469d   Thumb Code   304  numpad_row.o(i.get_key)
    main                                     0x080048c1   Thumb Code   874  main.o(i.main)
    malloc                                   0x08004ce9   Thumb Code    92  malloc.o(i.malloc)
    put_fat                                  0x08004dab   Thumb Code   248  ff.o(i.put_fat)
    scan_col                                 0x08004f11   Thumb Code   118  numpad_row.o(i.scan_col)
    sdfile_parse                             0x08004f95   Thumb Code   174  sd_op.o(i.sdfile_parse)
    sdfile_read                              0x08005075   Thumb Code    74  sd_op.o(i.sdfile_read)
    sid_manual                               0x080050d5   Thumb Code   196  main.o(i.sid_manual)
    timer                                    0x08005235   Thumb Code   196  main.o(i.timer)
    unlock                                   0x08005325   Thumb Code   100  main.o(i.unlock)
    withinTenMins                            0x080053b9   Thumb Code   122  main.o(i.withinTenMins)
    ucAscii_1608                             0x08005444   Data        1520  lcd.o(.constdata)
    AHBPrescTable                            0x08005a34   Data          16  system_stm32f1xx.o(.constdata)
    APBPrescTable                            0x08005a44   Data           8  system_stm32f1xx.o(.constdata)
    SD_Driver                                0x08030750   Data          20  sd_diskio.o(.constdata)
    __ctype_table                            0x08030764   Data         129  ctype_o.o(.constdata)
    Region$$Table$$Base                      0x080307f8   Number         0  anon$$obj.o(Region$$Table)
    Region$$Table$$Limit                     0x08030818   Number         0  anon$$obj.o(Region$$Table)
    Key_col                                  0x20000000   Data           1  numpad_row.o(.data)
    filename                                 0x20000004   Data           4  sd_op.o(.data)
    timer_sec                                0x20000008   Data           4  main.o(.data)
    timer_mins                               0x2000000c   Data           4  main.o(.data)
    timer_hrs                                0x20000010   Data           4  main.o(.data)
    currentTimeSlot                          0x20000014   Data           4  main.o(.data)
    countForPassword                         0x20000018   Data           4  main.o(.data)
    Cmd_ReadId                               0x2000001c   Data           8  main.o(.data)
    hcrc                                     0x20000024   Data           8  main.o(.data)
    retSD                                    0x2000002c   Data           1  fatfs.o(.data)
    SDPath                                   0x2000002d   Data           4  fatfs.o(.data)
    uwTickFreq                               0x2000003c   Data           1  stm32f1xx_hal.o(.data)
    uwTickPrio                               0x20000040   Data           4  stm32f1xx_hal.o(.data)
    uwTick                                   0x20000044   Data           4  stm32f1xx_hal.o(.data)
    SystemCoreClock                          0x20000048   Data           4  system_stm32f1xx.o(.data)
    __microlib_freelist                      0x2000005c   Data           4  mvars.o(.data)
    __microlib_freelist_initialised          0x20000060   Data           4  mvars.o(.data)
    currentTime                              0x20000068   Data          20  main.o(.bss)
    hsd                                      0x2000007c   Data         132  main.o(.bss)
    huart1                                   0x20000100   Data          64  main.o(.bss)
    hsram1                                   0x20000140   Data          68  main.o(.bss)
    Rec_data                                 0x20000184   Data          12  main.o(.bss)
    sec_str                                  0x20000190   Data          10  main.o(.bss)
    mins_str                                 0x2000019a   Data          10  main.o(.bss)
    hrs_str                                  0x200001a4   Data          10  main.o(.bss)
    users                                    0x200001ae   Data         660  main.o(.bss)
    SDFatFS                                  0x20000444   Data         560  fatfs.o(.bss)
    SDFile                                   0x20000674   Data         556  fatfs.o(.bss)
    disk                                     0x200008b8   Data          12  ff_gen_drv.o(.bss)
    __heap_base                              0x200008c8   Data           0  startup_stm32f103xe.o(HEAP)
    __heap_limit                             0x200010c8   Data           0  startup_stm32f103xe.o(HEAP)
    __initial_sp                             0x200014c8   Data           0  startup_stm32f103xe.o(STACK)



==============================================================================

Memory Map of the image

  Image Entry point : 0x08000131

  Load Region LR_IROM1 (Base: 0x08000000, Size: 0x00030880, Max: 0x00080000, ABSOLUTE)

    Execution Region ER_IROM1 (Base: 0x08000000, Size: 0x00030818, Max: 0x00080000, ABSOLUTE)

    Base Addr    Size         Type   Attr      Idx    E Section Name        Object

    0x08000000   0x00000130   Data   RO            3    RESET               startup_stm32f103xe.o
    0x08000130   0x00000000   Code   RO         3492  * .ARM.Collect$$$$00000000  mc_w.l(entry.o)
    0x08000130   0x00000004   Code   RO         3824    .ARM.Collect$$$$00000001  mc_w.l(entry2.o)
    0x08000134   0x00000004   Code   RO         3827    .ARM.Collect$$$$00000004  mc_w.l(entry5.o)
    0x08000138   0x00000000   Code   RO         3829    .ARM.Collect$$$$00000008  mc_w.l(entry7b.o)
    0x08000138   0x00000000   Code   RO         3831    .ARM.Collect$$$$0000000A  mc_w.l(entry8b.o)
    0x08000138   0x00000008   Code   RO         3832    .ARM.Collect$$$$0000000B  mc_w.l(entry9a.o)
    0x08000140   0x00000000   Code   RO         3834    .ARM.Collect$$$$0000000D  mc_w.l(entry10a.o)
    0x08000140   0x00000000   Code   RO         3836    .ARM.Collect$$$$0000000F  mc_w.l(entry11a.o)
    0x08000140   0x00000004   Code   RO         3825    .ARM.Collect$$$$00002712  mc_w.l(entry2.o)
    0x08000144   0x00000024   Code   RO            4    .text               startup_stm32f103xe.o
    0x08000168   0x00000020   Code   RO         3495    .text               mc_w.l(llushr.o)
    0x08000188   0x00000024   Code   RO         3497    .text               mc_w.l(memseta.o)
    0x080001ac   0x00000018   Code   RO         3499    .text               mc_w.l(strcat.o)
    0x080001c4   0x00000024   Code   RO         3501    .text               mc_w.l(strstr.o)
    0x080001e8   0x00000018   Code   RO         3503    .text               mc_w.l(strncpy.o)
    0x08000200   0x0000000e   Code   RO         3505    .text               mc_w.l(strlen.o)
    0x0800020e   0x0000001c   Code   RO         3507    .text               mc_w.l(strcmp.o)
    0x0800022a   0x00000012   Code   RO         3511    .text               mc_w.l(strcpy.o)
    0x0800023c   0x00000044   Code   RO         3513    .text               mc_w.l(strtok.o)
    0x08000280   0x0000001a   Code   RO         3808    .text               mc_w.l(atoi.o)
    0x0800029a   0x00000062   Code   RO         3843    .text               mc_w.l(uldiv.o)
    0x080002fc   0x0000001e   Code   RO         3845    .text               mc_w.l(llshl.o)
    0x0800031a   0x00000070   Code   RO         3862    .text               mc_w.l(strtol.o)
    0x0800038a   0x00000002   PAD
    0x0800038c   0x00000024   Code   RO         3873    .text               mc_w.l(init.o)
    0x080003b0   0x00000008   Code   RO         3876    .text               mc_w.l(ctype_o.o)
    0x080003b8   0x0000009e   Code   RO         3904    .text               mc_w.l(_strtoul.o)
    0x08000456   0x0000001c   Code   RO         3907    .text               mc_w.l(_chval.o)
    0x08000472   0x00000002   PAD
    0x08000474   0x0000000c   Code   RO          438    i.BSP_SD_GetCardInfo  bsp_driver_sd.o
    0x08000480   0x00000018   Code   RO          439    i.BSP_SD_GetCardState  bsp_driver_sd.o
    0x08000498   0x00000034   Code   RO          442    i.BSP_SD_Init       bsp_driver_sd.o
    0x080004cc   0x00000020   Code   RO          444    i.BSP_SD_ReadBlocks  bsp_driver_sd.o
    0x080004ec   0x00000020   Code   RO          447    i.BSP_SD_WriteBlocks  bsp_driver_sd.o
    0x0800050c   0x00000002   Code   RO          614    i.BusFault_Handler  stm32f1xx_it.o
    0x0800050e   0x00000002   Code   RO          615    i.DebugMon_Handler  stm32f1xx_it.o
    0x08000510   0x00000010   Code   RO           13    i.Delay             lcd.o
    0x08000520   0x00000006   Code   RO         3303    i.FATFS_LinkDriver  ff_gen_drv.o
    0x08000526   0x00000002   PAD
    0x08000528   0x00000040   Code   RO         3304    i.FATFS_LinkDriverEx  ff_gen_drv.o
    0x08000568   0x0000003c   Code   RO          879    i.FSMC_NORSRAM_Extended_Timing_Init  stm32f1xx_ll_fsmc.o
    0x080005a4   0x00000098   Code   RO          880    i.FSMC_NORSRAM_Init  stm32f1xx_ll_fsmc.o
    0x0800063c   0x00000044   Code   RO          881    i.FSMC_NORSRAM_Timing_Init  stm32f1xx_ll_fsmc.o
    0x08000680   0x00000022   Code   RO          815    i.HAL_CRC_Init      stm32f1xx_hal_crc.o
    0x080006a2   0x00000002   PAD
    0x080006a4   0x00000028   Code   RO          697    i.HAL_CRC_MspInit   stm32f1xx_hal_msp.o
    0x080006cc   0x00000130   Code   RO         2346    i.HAL_DMA_Abort_IT  stm32f1xx_hal_dma.o
    0x080007fc   0x00000024   Code   RO         1985    i.HAL_Delay         stm32f1xx_hal.o
    0x08000820   0x00000068   Code   RO          698    i.HAL_FSMC_MspInit  stm32f1xx_hal_msp.o
    0x08000888   0x000001e8   Code   RO         2281    i.HAL_GPIO_Init     stm32f1xx_hal_gpio.o
    0x08000a70   0x0000000a   Code   RO         2283    i.HAL_GPIO_ReadPin  stm32f1xx_hal_gpio.o
    0x08000a7a   0x0000000a   Code   RO         2285    i.HAL_GPIO_WritePin  stm32f1xx_hal_gpio.o
    0x08000a84   0x0000000c   Code   RO         1989    i.HAL_GetTick       stm32f1xx_hal.o
    0x08000a90   0x00000010   Code   RO         1993    i.HAL_IncTick       stm32f1xx_hal.o
    0x08000aa0   0x00000024   Code   RO         1994    i.HAL_Init          stm32f1xx_hal.o
    0x08000ac4   0x00000040   Code   RO         1995    i.HAL_InitTick      stm32f1xx_hal.o
    0x08000b04   0x0000003c   Code   RO          699    i.HAL_MspInit       stm32f1xx_hal_msp.o
    0x08000b40   0x00000016   Code   RO         2441    i.HAL_NVIC_EnableIRQ  stm32f1xx_hal_cortex.o
    0x08000b56   0x00000002   PAD
    0x08000b58   0x00000040   Code   RO         2447    i.HAL_NVIC_SetPriority  stm32f1xx_hal_cortex.o
    0x08000b98   0x00000024   Code   RO         2448    i.HAL_NVIC_SetPriorityGrouping  stm32f1xx_hal_cortex.o
    0x08000bbc   0x0000016c   Code   RO         2141    i.HAL_RCC_ClockConfig  stm32f1xx_hal_rcc.o
    0x08000d28   0x00000020   Code   RO         2148    i.HAL_RCC_GetPCLK1Freq  stm32f1xx_hal_rcc.o
    0x08000d48   0x00000020   Code   RO         2149    i.HAL_RCC_GetPCLK2Freq  stm32f1xx_hal_rcc.o
    0x08000d68   0x0000006c   Code   RO         2150    i.HAL_RCC_GetSysClockFreq  stm32f1xx_hal_rcc.o
    0x08000dd4   0x00000304   Code   RO         2153    i.HAL_RCC_OscConfig  stm32f1xx_hal_rcc.o
    0x080010d8   0x00000078   Code   RO         1384    i.HAL_SD_ConfigWideBusOperation  stm32f1xx_hal_sd.o
    0x08001150   0x000001da   Code   RO         1389    i.HAL_SD_GetCardCSD  stm32f1xx_hal_sd.o
    0x0800132a   0x00000024   Code   RO         1390    i.HAL_SD_GetCardInfo  stm32f1xx_hal_sd.o
    0x0800134e   0x0000002c   Code   RO         1391    i.HAL_SD_GetCardState  stm32f1xx_hal_sd.o
    0x0800137a   0x00000036   Code   RO         1396    i.HAL_SD_Init       stm32f1xx_hal_sd.o
    0x080013b0   0x00000054   Code   RO         1397    i.HAL_SD_InitCard   stm32f1xx_hal_sd.o
    0x08001404   0x00000084   Code   RO          701    i.HAL_SD_MspInit    stm32f1xx_hal_msp.o
    0x08001488   0x000001b2   Code   RO         1400    i.HAL_SD_ReadBlocks  stm32f1xx_hal_sd.o
    0x0800163a   0x00000002   PAD
    0x0800163c   0x0000019a   Code   RO         1405    i.HAL_SD_WriteBlocks  stm32f1xx_hal_sd.o
    0x080017d6   0x00000056   Code   RO         1001    i.HAL_SRAM_Init     stm32f1xx_hal_sram.o
    0x0800182c   0x00000004   Code   RO          703    i.HAL_SRAM_MspInit  stm32f1xx_hal_msp.o
    0x08001830   0x00000028   Code   RO         2452    i.HAL_SYSTICK_Config  stm32f1xx_hal_cortex.o
    0x08001858   0x00000002   Code   RO         1673    i.HAL_UART_ErrorCallback  stm32f1xx_hal_uart.o
    0x0800185a   0x00000002   PAD
    0x0800185c   0x00000110   Code   RO         1676    i.HAL_UART_IRQHandler  stm32f1xx_hal_uart.o
    0x0800196c   0x00000062   Code   RO         1677    i.HAL_UART_Init     stm32f1xx_hal_uart.o
    0x080019ce   0x00000002   PAD
    0x080019d0   0x00000080   Code   RO          705    i.HAL_UART_MspInit  stm32f1xx_hal_msp.o
    0x08001a50   0x000000b8   Code   RO         1680    i.HAL_UART_Receive  stm32f1xx_hal_uart.o
    0x08001b08   0x00000002   Code   RO         1683    i.HAL_UART_RxCpltCallback  stm32f1xx_hal_uart.o
    0x08001b0a   0x000000ba   Code   RO         1685    i.HAL_UART_Transmit  stm32f1xx_hal_uart.o
    0x08001bc4   0x00000002   Code   RO         1688    i.HAL_UART_TxCpltCallback  stm32f1xx_hal_uart.o
    0x08001bc6   0x00000002   Code   RO          616    i.HardFault_Handler  stm32f1xx_it.o
    0x08001bc8   0x00000018   Code   RO           14    i.LCD_BackLed_Control  lcd.o
    0x08001be0   0x0000001a   Code   RO           15    i.LCD_Clear         lcd.o
    0x08001bfa   0x00000002   PAD
    0x08001bfc   0x00000050   Code   RO           16    i.LCD_DrawChar      lcd.o
    0x08001c4c   0x00000040   Code   RO           17    i.LCD_DrawDot       lcd.o
    0x08001c8c   0x0000009e   Code   RO           19    i.LCD_DrawLine      lcd.o
    0x08001d2a   0x00000002   PAD
    0x08001d2c   0x00000040   Code   RO           20    i.LCD_DrawString    lcd.o
    0x08001d6c   0x0000001c   Code   RO           21    i.LCD_FillColor     lcd.o
    0x08001d88   0x00000026   Code   RO           23    i.LCD_INIT          lcd.o
    0x08001dae   0x00000002   PAD
    0x08001db0   0x00000040   Code   RO           24    i.LCD_OpenWindow    lcd.o
    0x08001df0   0x00000178   Code   RO           25    i.LCD_REG_Config    lcd.o
    0x08001f68   0x00000034   Code   RO           28    i.LCD_Rst           lcd.o
    0x08001f9c   0x0000001c   Code   RO          576    i.MX_FATFS_Init     fatfs.o
    0x08001fb8   0x00000070   Code   RO          347    i.MX_FSMC_Init      main.o
    0x08002028   0x00000124   Code   RO          348    i.MX_GPIO_Init      main.o
    0x0800214c   0x00000002   Code   RO          617    i.MemManage_Handler  stm32f1xx_it.o
    0x0800214e   0x00000002   Code   RO          618    i.NMI_Handler       stm32f1xx_it.o
    0x08002150   0x00000020   Code   RO         2454    i.NVIC_SetPriority  stm32f1xx_hal_cortex.o
    0x08002170   0x00000002   Code   RO          619    i.PendSV_Handler    stm32f1xx_it.o
    0x08002172   0x00000024   Code   RO         1117    i.SDIO_ConfigData   stm32f1xx_ll_sdmmc.o
    0x08002196   0x00000008   Code   RO         1121    i.SDIO_GetPowerState  stm32f1xx_ll_sdmmc.o
    0x0800219e   0x0000000c   Code   RO         1122    i.SDIO_GetResponse  stm32f1xx_ll_sdmmc.o
    0x080021aa   0x00000024   Code   RO         1123    i.SDIO_Init         stm32f1xx_ll_sdmmc.o
    0x080021ce   0x00000008   Code   RO         1125    i.SDIO_PowerState_ON  stm32f1xx_ll_sdmmc.o
    0x080021d6   0x00000006   Code   RO         1126    i.SDIO_ReadFIFO     stm32f1xx_ll_sdmmc.o
    0x080021dc   0x00000020   Code   RO         1127    i.SDIO_SendCommand  stm32f1xx_ll_sdmmc.o
    0x080021fc   0x0000000a   Code   RO         1129    i.SDIO_WriteFIFO    stm32f1xx_ll_sdmmc.o
    0x08002206   0x00000032   Code   RO         1130    i.SDMMC_CmdAppCommand  stm32f1xx_ll_sdmmc.o
    0x08002238   0x00000034   Code   RO         1131    i.SDMMC_CmdAppOperCommand  stm32f1xx_ll_sdmmc.o
    0x0800226c   0x00000032   Code   RO         1132    i.SDMMC_CmdBlockLength  stm32f1xx_ll_sdmmc.o
    0x0800229e   0x00000032   Code   RO         1133    i.SDMMC_CmdBusWidth  stm32f1xx_ll_sdmmc.o
    0x080022d0   0x00000050   Code   RO         1137    i.SDMMC_CmdGoIdleState  stm32f1xx_ll_sdmmc.o
    0x08002320   0x00000068   Code   RO         1139    i.SDMMC_CmdOperCond  stm32f1xx_ll_sdmmc.o
    0x08002388   0x00000032   Code   RO         1140    i.SDMMC_CmdReadMultiBlock  stm32f1xx_ll_sdmmc.o
    0x080023ba   0x00000032   Code   RO         1141    i.SDMMC_CmdReadSingleBlock  stm32f1xx_ll_sdmmc.o
    0x080023ec   0x00000032   Code   RO         1144    i.SDMMC_CmdSelDesel  stm32f1xx_ll_sdmmc.o
    0x0800241e   0x0000002c   Code   RO         1145    i.SDMMC_CmdSendCID  stm32f1xx_ll_sdmmc.o
    0x0800244a   0x0000002c   Code   RO         1146    i.SDMMC_CmdSendCSD  stm32f1xx_ll_sdmmc.o
    0x08002476   0x00000030   Code   RO         1147    i.SDMMC_CmdSendSCR  stm32f1xx_ll_sdmmc.o
    0x080024a6   0x00000032   Code   RO         1148    i.SDMMC_CmdSendStatus  stm32f1xx_ll_sdmmc.o
    0x080024d8   0x00000030   Code   RO         1149    i.SDMMC_CmdSetRelAdd  stm32f1xx_ll_sdmmc.o
    0x08002508   0x00000034   Code   RO         1151    i.SDMMC_CmdStopTransfer  stm32f1xx_ll_sdmmc.o
    0x0800253c   0x00000032   Code   RO         1153    i.SDMMC_CmdWriteMultiBlock  stm32f1xx_ll_sdmmc.o
    0x0800256e   0x00000032   Code   RO         1154    i.SDMMC_CmdWriteSingleBlock  stm32f1xx_ll_sdmmc.o
    0x080025a0   0x0000011c   Code   RO         1155    i.SDMMC_GetCmdResp1  stm32f1xx_ll_sdmmc.o
    0x080026bc   0x00000050   Code   RO         1156    i.SDMMC_GetCmdResp2  stm32f1xx_ll_sdmmc.o
    0x0800270c   0x00000040   Code   RO         1157    i.SDMMC_GetCmdResp3  stm32f1xx_ll_sdmmc.o
    0x0800274c   0x00000084   Code   RO         1158    i.SDMMC_GetCmdResp6  stm32f1xx_ll_sdmmc.o
    0x080027d0   0x000000d4   Code   RO         1413    i.SD_FindSCR        stm32f1xx_hal_sd.o
    0x080028a4   0x000000e6   Code   RO         1414    i.SD_InitCard       stm32f1xx_hal_sd.o
    0x0800298a   0x000000a2   Code   RO         1415    i.SD_PowerON        stm32f1xx_hal_sd.o
    0x08002a2c   0x0000004e   Code   RO         1417    i.SD_WideBus_Disable  stm32f1xx_hal_sd.o
    0x08002a7a   0x0000004e   Code   RO         1418    i.SD_WideBus_Enable  stm32f1xx_hal_sd.o
    0x08002ac8   0x00000020   Code   RO         3428    i.SD_initialize     sd_diskio.o
    0x08002ae8   0x00000050   Code   RO         3429    i.SD_ioctl          sd_diskio.o
    0x08002b38   0x0000003c   Code   RO         3430    i.SD_read           sd_diskio.o
    0x08002b74   0x00000020   Code   RO         3431    i.SD_status         sd_diskio.o
    0x08002b94   0x0000003c   Code   RO         3432    i.SD_write          sd_diskio.o
    0x08002bd0   0x00000002   Code   RO          620    i.SVC_Handler       stm32f1xx_it.o
    0x08002bd2   0x00000004   Code   RO          621    i.SysTick_Handler   stm32f1xx_it.o
    0x08002bd6   0x0000004e   Code   RO          349    i.SystemClock_Config  main.o
    0x08002c24   0x00000048   Code   RO         2870    i.SystemInit        system_stm32f1xx.o
    0x08002c6c   0x00000010   Code   RO         1690    i.UART_DMAAbortOnError  stm32f1xx_hal_uart.o
    0x08002c7c   0x0000001c   Code   RO         1700    i.UART_EndRxTransfer  stm32f1xx_hal_uart.o
    0x08002c98   0x00000096   Code   RO         1702    i.UART_Receive_IT   stm32f1xx_hal_uart.o
    0x08002d2e   0x00000002   PAD
    0x08002d30   0x00000170   Code   RO         1703    i.UART_SetConfig    stm32f1xx_hal_uart.o
    0x08002ea0   0x00000062   Code   RO         1704    i.UART_Transmit_IT  stm32f1xx_hal_uart.o
    0x08002f02   0x00000064   Code   RO         1705    i.UART_WaitOnFlagUntilTimeout  stm32f1xx_hal_uart.o
    0x08002f66   0x00000002   PAD
    0x08002f68   0x0000000c   Code   RO          622    i.USART1_IRQHandler  stm32f1xx_it.o
    0x08002f74   0x00000002   Code   RO          623    i.UsageFault_Handler  stm32f1xx_it.o
    0x08002f76   0x00000002   PAD
    0x08002f78   0x00000028   Code   RO         3728    i.__0sprintf$8      mc_w.l(printf8.o)
    0x08002fa0   0x00000008   Code   RO         3855    i.__aeabi_errno_addr  mc_w.l(errno.o)
    0x08002fa8   0x0000000e   Code   RO         3911    i.__scatterload_copy  mc_w.l(handlers.o)
    0x08002fb6   0x00000002   Code   RO         3912    i.__scatterload_null  mc_w.l(handlers.o)
    0x08002fb8   0x0000000e   Code   RO         3913    i.__scatterload_zeroinit  mc_w.l(handlers.o)
    0x08002fc6   0x00000002   PAD
    0x08002fc8   0x00000410   Code   RO         3733    i._printf_core      mc_w.l(printf8.o)
    0x080033d8   0x00000024   Code   RO         3734    i._printf_post_padding  mc_w.l(printf8.o)
    0x080033fc   0x0000002e   Code   RO         3735    i._printf_pre_padding  mc_w.l(printf8.o)
    0x0800342a   0x0000000a   Code   RO         3737    i._sputc            mc_w.l(printf8.o)
    0x08003434   0x00000060   Code   RO         2962    i.check_fs          ff.o
    0x08003494   0x00000010   Code   RO         2963    i.chk_chr           ff.o
    0x080034a4   0x0000006c   Code   RO         2964    i.chk_lock          ff.o
    0x08003510   0x00000024   Code   RO         2965    i.clear_lock        ff.o
    0x08003534   0x0000002a   Code   RO         2966    i.clmt_clust        ff.o
    0x0800355e   0x0000001e   Code   RO         2967    i.clust2sect        ff.o
    0x0800357c   0x000000b0   Code   RO         2968    i.create_chain      ff.o
    0x0800362c   0x00000244   Code   RO         2969    i.create_name       ff.o
    0x08003870   0x00000144   Code   RO         2971    i.dir_find          ff.o
    0x080039b4   0x0000011e   Code   RO         2972    i.dir_next          ff.o
    0x08003ad2   0x00000002   PAD
    0x08003ad4   0x000001d0   Code   RO         2974    i.dir_register      ff.o
    0x08003ca4   0x00000098   Code   RO         2976    i.dir_sdi           ff.o
    0x08003d3c   0x00000028   Code   RO         2907    i.disk_initialize   diskio.o
    0x08003d64   0x0000001c   Code   RO         2909    i.disk_read         diskio.o
    0x08003d80   0x00000018   Code   RO         2910    i.disk_status       diskio.o
    0x08003d98   0x0000001c   Code   RO         2911    i.disk_write        diskio.o
    0x08003db4   0x00000048   Code   RO         2981    i.f_gets            ff.o
    0x08003dfc   0x0000005c   Code   RO         2985    i.f_mount           ff.o
    0x08003e58   0x000001d0   Code   RO         2986    i.f_open            ff.o
    0x08004028   0x0000018c   Code   RO         2991    i.f_read            ff.o
    0x080041b4   0x0000004c   Code   RO         3396    i.ff_convert        cc936.o
    0x08004200   0x00000004   Code   RO         3353    i.ff_memalloc       syscall.o
    0x08004204   0x00000004   Code   RO         3354    i.ff_memfree        syscall.o
    0x08004208   0x00000024   Code   RO         3397    i.ff_wtoupper       cc936.o
    0x0800422c   0x00000258   Code   RO         3000    i.find_volume       ff.o
    0x08004484   0x00000072   Code   RO         3001    i.follow_path       ff.o
    0x080044f6   0x00000002   PAD
    0x080044f8   0x00000050   Code   RO         3780    i.free              mc_w.l(malloc.o)
    0x08004548   0x0000008c   Code   RO         3002    i.gen_numname       ff.o
    0x080045d4   0x000000c2   Code   RO         3003    i.get_fat           ff.o
    0x08004696   0x00000004   Code   RO          577    i.get_fattime       fatfs.o
    0x0800469a   0x00000002   PAD
    0x0800469c   0x00000134   Code   RO          234    i.get_key           numpad_row.o
    0x080047d0   0x0000003c   Code   RO         3005    i.get_ldnumber      ff.o
    0x0800480c   0x000000a0   Code   RO         3006    i.inc_lock          ff.o
    0x080048ac   0x00000014   Code   RO         3007    i.ld_clust          ff.o
    0x080048c0   0x00000428   Code   RO          350    i.main              main.o
    0x08004ce8   0x0000006c   Code   RO         3781    i.malloc            mc_w.l(malloc.o)
    0x08004d54   0x00000012   Code   RO         3008    i.mem_cpy           ff.o
    0x08004d66   0x0000000e   Code   RO         3009    i.mem_set           ff.o
    0x08004d74   0x00000036   Code   RO         3010    i.move_window       ff.o
    0x08004daa   0x000000f8   Code   RO         3011    i.put_fat           ff.o
    0x08004ea2   0x0000006e   Code   RO         3013    i.remove_chain      ff.o
    0x08004f10   0x00000084   Code   RO          235    i.scan_col          numpad_row.o
    0x08004f94   0x000000e0   Code   RO          274    i.sdfile_parse      sd_op.o
    0x08005074   0x00000060   Code   RO          275    i.sdfile_read       sd_op.o
    0x080050d4   0x000000d4   Code   RO          351    i.sid_manual        main.o
    0x080051a8   0x00000010   Code   RO         3014    i.st_clust          ff.o
    0x080051b8   0x0000001a   Code   RO         3015    i.sum_sfn           ff.o
    0x080051d2   0x00000060   Code   RO         3017    i.sync_window       ff.o
    0x08005232   0x00000002   PAD
    0x08005234   0x000000f0   Code   RO          352    i.timer             main.o
    0x08005324   0x00000068   Code   RO          353    i.unlock            main.o
    0x0800538c   0x0000002c   Code   RO         3018    i.validate          ff.o
    0x080053b8   0x0000008c   Code   RO          354    i.withinTenMins     main.o
    0x08005444   0x000005f0   Data   RO           31    .constdata          lcd.o
    0x08005a34   0x00000010   Data   RO         2871    .constdata          system_stm32f1xx.o
    0x08005a44   0x00000008   Data   RO         2872    .constdata          system_stm32f1xx.o
    0x08005a4c   0x0000003a   Data   RO         3020    .constdata          ff.o
    0x08005a86   0x0002acc8   Data   RO         3398    .constdata          cc936.o
    0x0803074e   0x00000002   PAD
    0x08030750   0x00000014   Data   RO         3433    .constdata          sd_diskio.o
    0x08030764   0x00000081   Data   RO         3877    .constdata          mc_w.l(ctype_o.o)
    0x080307e5   0x00000003   PAD
    0x080307e8   0x00000004   Data   RO         3878    .constdata          mc_w.l(ctype_o.o)
    0x080307ec   0x0000000b   Data   RO          276    .conststring        sd_op.o
    0x080307f7   0x00000001   PAD
    0x080307f8   0x00000020   Data   RO         3909    Region$$Table       anon$$obj.o


    Execution Region RW_IRAM1 (Base: 0x20000000, Size: 0x000014c8, Max: 0x00010000, ABSOLUTE)

    Base Addr    Size         Type   Attr      Idx    E Section Name        Object

    0x20000000   0x00000001   Data   RW          236    .data               numpad_row.o
    0x20000001   0x00000003   PAD
    0x20000004   0x00000004   Data   RW          277    .data               sd_op.o
    0x20000008   0x00000024   Data   RW          358    .data               main.o
    0x2000002c   0x00000005   Data   RW          580    .data               fatfs.o
    0x20000031   0x00000003   PAD
    0x20000034   0x00000008   Data   RW          706    .data               stm32f1xx_hal_msp.o
    0x2000003c   0x0000000c   Data   RW         2001    .data               stm32f1xx_hal.o
    0x20000048   0x00000004   Data   RW         2873    .data               system_stm32f1xx.o
    0x2000004c   0x00000008   Data   RW         3021    .data               ff.o
    0x20000054   0x00000001   Data   RW         3434    .data               sd_diskio.o
    0x20000055   0x00000003   PAD
    0x20000058   0x00000004   Data   RW         3514    .data               mc_w.l(strtok.o)
    0x2000005c   0x00000004   Data   RW         3853    .data               mc_w.l(mvars.o)
    0x20000060   0x00000004   Data   RW         3854    .data               mc_w.l(mvars.o)
    0x20000064   0x00000004   Data   RW         3858    .data               mc_w.l(errno.o)
    0x20000068   0x000003da   Zero   RW          355    .bss                main.o
    0x20000442   0x00000002   PAD
    0x20000444   0x00000230   Zero   RW          578    .bss                fatfs.o
    0x20000674   0x0000022c   Zero   RW          579    .bss                fatfs.o
    0x200008a0   0x00000018   Zero   RW         3019    .bss                ff.o
    0x200008b8   0x0000000c   Zero   RW         3307    .bss                ff_gen_drv.o
    0x200008c4   0x00000004   PAD
    0x200008c8   0x00000800   Zero   RW            2    HEAP                startup_stm32f103xe.o
    0x200010c8   0x00000400   Zero   RW            1    STACK               startup_stm32f103xe.o


==============================================================================

Image component sizes


      Code (inc. data)   RO Data    RW Data    ZI Data      Debug   Object Name

       152         24          0          0          0       3306   bsp_driver_sd.o
       112         16     175304          0          0       2175   cc936.o
       120         18          0          0          0       2888   diskio.o
        32         10          0          5       1116       1388   fatfs.o
      5248         76         58          8         24      34139   ff.o
        70          4          0          0         12       1551   ff_gen_drv.o
       990         46       1520          0          0     496500   lcd.o
      2242        308          0         36        986       7766   main.o
       440         18          0          1          0       1903   numpad_row.o
       264         34         20          1          0       4296   sd_diskio.o
       320         72         11          4          0       7502   sd_op.o
        36          8        304          0       3072        792   startup_stm32f103xe.o
       164         28          0         12          0       6437   stm32f1xx_hal.o
       194         14          0          0          0      25695   stm32f1xx_hal_cortex.o
        34          0          0          0          0       1011   stm32f1xx_hal_crc.o
       304          8          0          0          0       1143   stm32f1xx_hal_dma.o
       508         42          0          0          0       3471   stm32f1xx_hal_gpio.o
       468         64          0          8          0       4023   stm32f1xx_hal_msp.o
      1308         98          0          0          0       5160   stm32f1xx_hal_rcc.o
      2416          4          0          0          0      12564   stm32f1xx_hal_sd.o
        86          0          0          0          0       1172   stm32f1xx_hal_sram.o
      1506         10          0          0          0      10014   stm32f1xx_hal_uart.o
        32          6          0          0          0       4114   stm32f1xx_it.o
       280         12          0          0          0       2527   stm32f1xx_ll_fsmc.o
      1630         42          0          0          0      21491   stm32f1xx_ll_sdmmc.o
         8          0          0          0          0       1547   syscall.o
        72         16         24          4          0       1127   system_stm32f1xx.o

    ----------------------------------------------------------------------
     19068        978     177276         88       5216     665702   Object Totals
         0          0         32          0          0          0   (incl. Generated)
        32          0          3          9          6          0   (incl. Padding)

    ----------------------------------------------------------------------

      Code (inc. data)   RO Data    RW Data    ZI Data      Debug   Library Member Name

        28          0          0          0          0         68   _chval.o
       158          0          0          0          0         92   _strtoul.o
        26          0          0          0          0         80   atoi.o
         8          4        133          0          0         68   ctype_o.o
         0          0          0          0          0          0   entry.o
         0          0          0          0          0          0   entry10a.o
         0          0          0          0          0          0   entry11a.o
         8          4          0          0          0          0   entry2.o
         4          0          0          0          0          0   entry5.o
         0          0          0          0          0          0   entry7b.o
         0          0          0          0          0          0   entry8b.o
         8          4          0          0          0          0   entry9a.o
         8          4          0          4          0         68   errno.o
        30          0          0          0          0          0   handlers.o
        36          8          0          0          0         68   init.o
        30          0          0          0          0         68   llshl.o
        32          0          0          0          0         68   llushr.o
       188         20          0          0          0        160   malloc.o
        36          0          0          0          0        108   memseta.o
         0          0          0          8          0          0   mvars.o
      1172         50          0          0          0        420   printf8.o
        24          0          0          0          0         68   strcat.o
        28          0          0          0          0         76   strcmp.o
        18          0          0          0          0         68   strcpy.o
        14          0          0          0          0         68   strlen.o
        24          0          0          0          0         76   strncpy.o
        36          0          0          0          0         80   strstr.o
        68          6          0          4          0         80   strtok.o
       112          0          0          0          0         88   strtol.o
        98          0          0          0          0         92   uldiv.o

    ----------------------------------------------------------------------
      2200        100        136         16          0       1964   Library Totals
         6          0          3          0          0          0   (incl. Padding)

    ----------------------------------------------------------------------

      Code (inc. data)   RO Data    RW Data    ZI Data      Debug   Library Name

      2194        100        133         16          0       1964   mc_w.l

    ----------------------------------------------------------------------
      2200        100        136         16          0       1964   Library Totals

    ----------------------------------------------------------------------

==============================================================================


      Code (inc. data)   RO Data    RW Data    ZI Data      Debug   

     21268       1078     177412        104       5216     657938   Grand Totals
     21268       1078     177412        104       5216     657938   ELF Image Totals
     21268       1078     177412        104          0          0   ROM Totals

==============================================================================

    Total RO  Size (Code + RO Data)               198680 ( 194.02kB)
    Total RW  Size (RW Data + ZI Data)              5320 (   5.20kB)
    Total ROM Size (Code + RO Data + RW Data)     198784 ( 194.13kB)

==============================================================================

